
Optional file libmchp_peripheral.a not found

Optional file libmchp_peripheral_32MX250F128D.a not found
Archive member included because of file (symbol)

/home/sylam/.platformio/packages/toolchain-microchippic32/bin/bin/../../lib/gcc/pic32mx/4.8.3/../../../../pic32mx/lib/libpic32.a(default-bootstrap-exception-handler.o)
                              /home/sylam/.platformio/packages/toolchain-microchippic32/bin/bin/../../lib/gcc/pic32mx/4.8.3/../../../../pic32mx/lib/./proc/32MX250F128D/cpprt0_mips32r2.o (_bootstrap_exception_handler)
/home/sylam/.platformio/packages/toolchain-microchippic32/bin/bin/../../lib/gcc/pic32mx/4.8.3/../../../../pic32mx/lib/libpic32.a(default-on-reset.o)
                              /home/sylam/.platformio/packages/toolchain-microchippic32/bin/bin/../../lib/gcc/pic32mx/4.8.3/../../../../pic32mx/lib/./proc/32MX250F128D/cpprt0_mips32r2.o (_on_reset)
/home/sylam/.platformio/packages/toolchain-microchippic32/bin/bin/../../lib/gcc/pic32mx/4.8.3/../../../../pic32mx/lib/libpic32.a(default-on-bootstrap.o)
                              /home/sylam/.platformio/packages/toolchain-microchippic32/bin/bin/../../lib/gcc/pic32mx/4.8.3/../../../../pic32mx/lib/./proc/32MX250F128D/cpprt0_mips32r2.o (_on_bootstrap)
/home/sylam/.platformio/packages/toolchain-microchippic32/bin/bin/../../lib/gcc/pic32mx/4.8.3/../../../../pic32mx/lib/libpic32.a(default-nmi-handler.o)
                              /home/sylam/.platformio/packages/toolchain-microchippic32/bin/bin/../../lib/gcc/pic32mx/4.8.3/../../../../pic32mx/lib/./proc/32MX250F128D/cpprt0_mips32r2.o (_nmi_handler)
/home/sylam/.platformio/packages/toolchain-microchippic32/bin/bin/../../lib/gcc/pic32mx/4.8.3/../../../../pic32mx/lib/libpic32.a(general-exception.o)
                              /home/sylam/.platformio/packages/toolchain-microchippic32/bin/bin/../../lib/gcc/pic32mx/4.8.3/../../../../pic32mx/lib/./proc/32MX250F128D/cpprt0_mips32r2.o (_general_exception_context)
/home/sylam/.platformio/packages/toolchain-microchippic32/bin/bin/../../lib/gcc/pic32mx/4.8.3/../../../../pic32mx/lib/libpic32.a(vector1.o)
                              /home/sylam/.platformio/packages/toolchain-microchippic32/bin/bin/../../lib/gcc/pic32mx/4.8.3/../../../../pic32mx/lib/./proc/32MX250F128D/default_isr_vectors.o (__vector_dispatch_1)
/home/sylam/.platformio/packages/toolchain-microchippic32/bin/bin/../../lib/gcc/pic32mx/4.8.3/../../../../pic32mx/lib/libpic32.a(vector2.o)
                              /home/sylam/.platformio/packages/toolchain-microchippic32/bin/bin/../../lib/gcc/pic32mx/4.8.3/../../../../pic32mx/lib/./proc/32MX250F128D/default_isr_vectors.o (__vector_dispatch_2)
/home/sylam/.platformio/packages/toolchain-microchippic32/bin/bin/../../lib/gcc/pic32mx/4.8.3/../../../../pic32mx/lib/libpic32.a(vector3.o)
                              /home/sylam/.platformio/packages/toolchain-microchippic32/bin/bin/../../lib/gcc/pic32mx/4.8.3/../../../../pic32mx/lib/./proc/32MX250F128D/default_isr_vectors.o (__vector_dispatch_3)
/home/sylam/.platformio/packages/toolchain-microchippic32/bin/bin/../../lib/gcc/pic32mx/4.8.3/../../../../pic32mx/lib/libpic32.a(vector4.o)
                              /home/sylam/.platformio/packages/toolchain-microchippic32/bin/bin/../../lib/gcc/pic32mx/4.8.3/../../../../pic32mx/lib/./proc/32MX250F128D/default_isr_vectors.o (__vector_dispatch_4)
/home/sylam/.platformio/packages/toolchain-microchippic32/bin/bin/../../lib/gcc/pic32mx/4.8.3/../../../../pic32mx/lib/libpic32.a(vector5.o)
                              /home/sylam/.platformio/packages/toolchain-microchippic32/bin/bin/../../lib/gcc/pic32mx/4.8.3/../../../../pic32mx/lib/./proc/32MX250F128D/default_isr_vectors.o (__vector_dispatch_5)
/home/sylam/.platformio/packages/toolchain-microchippic32/bin/bin/../../lib/gcc/pic32mx/4.8.3/../../../../pic32mx/lib/libpic32.a(vector6.o)
                              /home/sylam/.platformio/packages/toolchain-microchippic32/bin/bin/../../lib/gcc/pic32mx/4.8.3/../../../../pic32mx/lib/./proc/32MX250F128D/default_isr_vectors.o (__vector_dispatch_6)
/home/sylam/.platformio/packages/toolchain-microchippic32/bin/bin/../../lib/gcc/pic32mx/4.8.3/../../../../pic32mx/lib/libpic32.a(vector7.o)
                              /home/sylam/.platformio/packages/toolchain-microchippic32/bin/bin/../../lib/gcc/pic32mx/4.8.3/../../../../pic32mx/lib/./proc/32MX250F128D/default_isr_vectors.o (__vector_dispatch_7)
/home/sylam/.platformio/packages/toolchain-microchippic32/bin/bin/../../lib/gcc/pic32mx/4.8.3/../../../../pic32mx/lib/libpic32.a(vector8.o)
                              /home/sylam/.platformio/packages/toolchain-microchippic32/bin/bin/../../lib/gcc/pic32mx/4.8.3/../../../../pic32mx/lib/./proc/32MX250F128D/default_isr_vectors.o (__vector_dispatch_8)
/home/sylam/.platformio/packages/toolchain-microchippic32/bin/bin/../../lib/gcc/pic32mx/4.8.3/../../../../pic32mx/lib/libpic32.a(vector9.o)
[...]
Memory Configuration

Name             Origin             Length             Attributes
kseg0_program_mem 0x9d000000         0x0001f000         xr
exception_mem    0x9d01f000         0x00001000
debug_exec_mem   0x9fc00490         0x00000760
kseg0_boot_mem   0x9fc00490         0x00000000
kseg1_boot_mem   0xbfc00000         0x00000490
config3          0xbfc00bf0         0x00000004
config2          0xbfc00bf4         0x00000004
config1          0xbfc00bf8         0x00000004
config0          0xbfc00bfc         0x00000004
kseg1_data_mem   0xa0000000         0x00008000         w !x
sfrs             0xbf800000         0x00100000
configsfrs       0xbfc00bf0         0x00000010
*default*        0x00000000         0xffffffff

Linker script and memory map

LOAD /home/sylam/.platformio/packages/toolchain-microchippic32/bin/bin/../../lib/gcc/pic32mx/4.8.3/../../../../pic32mx/lib/./proc/32MX250F128D/cpprt0_mips32r2.o
LOAD /home/sylam/.platformio/packages/toolchain-microchippic32/bin/bin/../../lib/gcc/pic32mx/4.8.3/crti.o
LOAD /home/sylam/.platformio/packages/toolchain-microchippic32/bin/bin/../../lib/gcc/pic32mx/4.8.3/crtbegin.o
LOAD src/usb_device.o
LOAD src/usb_descriptors.o
LOAD src/usb_cdc.o
LOAD src/uart.o
LOAD src/os.o
LOAD src/main.o
LOAD src/cdctx.o
LOAD src/cdcrx.o
LOAD /home/sylam/.platformio/packages/toolchain-microchippic32/bin/bin/../../lib/gcc/pic32mx/4.8.3/../../../../pic32mx/lib/libsupc++.a
LOAD /home/sylam/.platformio/packages/toolchain-microchippic32/bin/bin/../../lib/gcc/pic32mx/4.8.3/../../../../pic32mx/lib/libm.a
LOAD /home/sylam/.platformio/packages/toolchain-microchippic32/bin/bin/../../lib/gcc/pic32mx/4.8.3/../../../../pic32mx/lib/./proc/32MX250F128D/default_isr_vectors.o
LOAD /home/sylam/.platformio/packages/toolchain-microchippic32/bin/bin/../../lib/gcc/pic32mx/4.8.3/../../../../pic32mx/lib/pic32_software_reset.o
                0x00000400                PROVIDE (_min_stack_size, 0x400)
LOAD /home/sylam/.platformio/packages/toolchain-microchippic32/bin/bin/../../lib/gcc/pic32mx/4.8.3/../../../../pic32mx/lib/./proc/32MX250F128D/processor.o
START GROUP
LOAD libmchp_peripheral.a
END GROUP
START GROUP
LOAD libmchp_peripheral_32MX250F128D.a
END GROUP
                0x00000001                PROVIDE (_vector_spacing, 0x1)
                0x9d01f000                PROVIDE (_ebase_address, 0x9d01f000)
                0xbfc00000                _RESET_ADDR = 0xbfc00000
                0xbfc00380                _BEV_EXCPT_ADDR = 0xbfc00380
                0xbfc00480                _DBG_EXCPT_ADDR = 0xbfc00480
                0x9fc00490                _DBG_CODE_ADDR = 0x9fc00490
                0x00000760                _DBG_CODE_SIZE = 0x760
                0x9d01f180                _GEN_EXCPT_ADDR = (_ebase_address + 0x180)

.config_BFC00BF0
                0xbfc00bf0        0x4
 *(.config_BFC00BF0)
 .config_BFC00BF0
                0xbfc00bf0        0x4 src/os.o

.config_BFC00BF4
                0xbfc00bf4        0x4
 *(.config_BFC00BF4)
 .config_BFC00BF4
                0xbfc00bf4        0x4 src/os.o

.config_BFC00BF8
                0xbfc00bf8        0x4
 *(.config_BFC00BF8)
 .config_BFC00BF8
                0xbfc00bf8        0x4 src/os.o

.config_BFC00BFC
                0xbfc00bfc        0x4
 *(.config_BFC00BFC)
 .config_BFC00BFC
                0xbfc00bfc        0x4 src/os.o
                0xbfc02000                PROVIDE (_DBG_CODE_ADDR, 0xbfc02000)
                0x00000ff0                PROVIDE (_DBG_CODE_SIZE, 0xff0)

.reset          0xbfc00000      0x1e4
 *(.reset)
 .reset         0xbfc00000        0x8 /home/sylam/.platformio/packages/toolchain-microchippic32/bin/bin/../../lib/gcc/pic32mx/4.8.3/../../../../pic32mx/lib/./proc/32MX250F128D/cpprt0_mips32r2.o
                0xbfc00000                _reset
 *(.reset.startup)
 .reset.startup
                0xbfc00008      0x1dc /home/sylam/.platformio/packages/toolchain-microchippic32/bin/bin/../../lib/gcc/pic32mx/4.8.3/../../../../pic32mx/lib/./proc/32MX250F128D/cpprt0_mips32r2.o

.bev_excpt      0xbfc00380       0x10
 *(.bev_handler)
 .bev_handler   0xbfc00380       0x10 /home/sylam/.platformio/packages/toolchain-microchippic32/bin/bin/../../lib/gcc/pic32mx/4.8.3/../../../../pic32mx/lib/./proc/32MX250F128D/cpprt0_mips32r2.o

.dbg_excpt      0xbfc00480        0x0
                0xbfc00480                . = (. + DEFINED (_DEBUGGER)?0x8:0x0)

.dbg_code       0x9fc00490        0x0
                0x9fc00490                . = (. + DEFINED (_DEBUGGER)?_DBG_CODE_SIZE:0x0)

.app_excpt      0x9d01f180       0x10
 *(.gen_handler)
 .gen_handler   0x9d01f180       0x10 /home/sylam/.platformio/packages/toolchain-microchippic32/bin/bin/../../lib/gcc/pic32mx/4.8.3/../../../../pic32mx/lib/./proc/32MX250F128D/cpprt0_mips32r2.o

.vector_0       0x9d01f200        0x8
 *(.vector_0)
 .vector_0      0x9d01f200        0x8 src/os.o
                0x9d01f200                __vector_dispatch_0
                0x00000001                ASSERT (((_vector_spacing == 0x0) || (SIZEOF (.vector_0) <= (_vector_spacing << 0x5))), function at exception vector 0 too large)

.vector_1       0x9d01f220        0x8
 *(.vector_1)
 .vector_1      0x9d01f220        0x8 /home/sylam/.platformio/packages/toolchain-microchippic32/bin/bin/../../lib/gcc/pic32mx/4.8.3/../../../../pic32mx/lib/libpic32.a(vector1.o)
                0x9d01f220                __vector_dispatch_1
                0x00000001                ASSERT (((_vector_spacing == 0x0) || (SIZEOF (.vector_1) <= (_vector_spacing << 0x5))), function at exception vector 1 too large)

.vector_2       0x9d01f240        0x8
 *(.vector_2)
 .vector_2      0x9d01f240        0x8 /home/sylam/.platformio/packages/toolchain-microchippic32/bin/bin/../../lib/gcc/pic32mx/4.8.3/../../../../pic32mx/lib/libpic32.a(vector2.o)
                0x9d01f240                __vector_dispatch_2
                0x00000001                ASSERT (((_vector_spacing == 0x0) || (SIZEOF (.vector_2) <= (_vector_spacing << 0x5))), function at exception vector 2 too large)

.vector_3       0x9d01f260        0x8
 *(.vector_3)
 .vector_3      0x9d01f260        0x8 /home/sylam/.platformio/packages/toolchain-microchippic32/bin/bin/../../lib/gcc/pic32mx/4.8.3/../../../../pic32mx/lib/libpic32.a(vector3.o)
                0x9d01f260                __vector_dispatch_3
                0x00000001                ASSERT (((_vector_spacing == 0x0) || (SIZEOF (.vector_3) <= (_vector_spacing << 0x5))), function at exception vector 3 too large)

.vector_4       0x9d01f280        0x8
 *(.vector_4)
 .vector_4      0x9d01f280        0x8 /home/sylam/.platformio/packages/toolchain-microchippic32/bin/bin/../../lib/gcc/pic32mx/4.8.3/../../../../pic32mx/lib/libpic32.a(vector4.o)
                0x9d01f280                __vector_dispatch_4
                0x00000001                ASSERT (((_vector_spacing == 0x0) || (SIZEOF (.vector_4) <= (_vector_spacing << 0x5))), function at exception vector 4 too large)

.vector_5       0x9d01f2a0        0x8
 *(.vector_5)
 .vector_5      0x9d01f2a0        0x8 /home/sylam/.platformio/packages/toolchain-microchippic32/bin/bin/../../lib/gcc/pic32mx/4.8.3/../../../../pic32mx/lib/libpic32.a(vector5.o)
                0x9d01f2a0                __vector_dispatch_5
                0x00000001                ASSERT (((_vector_spacing == 0x0) || (SIZEOF (.vector_5) <= (_vector_spacing << 0x5))), function at exception vector 5 too large)

.vector_6       0x9d01f2c0        0x8
 *(.vector_6)
 .vector_6      0x9d01f2c0        0x8 /home/sylam/.platformio/packages/toolchain-microchippic32/bin/bin/../../lib/gcc/pic32mx/4.8.3/../../../../pic32mx/lib/libpic32.a(vector6.o)
                0x9d01f2c0                __vector_dispatch_6
                0x00000001                ASSERT (((_vector_spacing == 0x0) || (SIZEOF (.vector_6) <= (_vector_spacing << 0x5))), function at exception vector 6 too large)

.vector_7       0x9d01f2e0        0x8
 *(.vector_7)
 .vector_7      0x9d01f2e0        0x8 /home/sylam/.platformio/packages/toolchain-microchippic32/bin/bin/../../lib/gcc/pic32mx/4.8.3/../../../../pic32mx/lib/libpic32.a(vector7.o)
                0x9d01f2e0                __vector_dispatch_7
                0x00000001                ASSERT (((_vector_spacing == 0x0) || (SIZEOF (.vector_7) <= (_vector_spacing << 0x5))), function at exception vector 7 too large)

.vector_8       0x9d01f300        0x8
 *(.vector_8)
 .vector_8      0x9d01f300        0x8 /home/sylam/.platformio/packages/toolchain-microchippic32/bin/bin/../../lib/gcc/pic32mx/4.8.3/../../../../pic32mx/lib/libpic32.a(vector8.o)
                0x9d01f300                __vector_dispatch_8
                0x00000001                ASSERT (((_vector_spacing == 0x0) || (SIZEOF (.vector_8) <= (_vector_spacing << 0x5))), function at exception vector 8 too large)

.vector_9       0x9d01f320        0x8
 *(.vector_9)
 .vector_9      0x9d01f320        0x8 /home/sylam/.platformio/packages/toolchain-microchippic32/bin/bin/../../lib/gcc/pic32mx/4.8.3/../../../../pic32mx/lib/libpic32.a(vector9.o)
                0x9d01f320                __vector_dispatch_9
                0x00000001                ASSERT (((_vector_spacing == 0x0) || (SIZEOF (.vector_9) <= (_vector_spacing << 0x5))), function at exception vector 9 too large)

.vector_10      0x9d01f340        0x8
 *(.vector_10)
 .vector_10     0x9d01f340        0x8 /home/sylam/.platformio/packages/toolchain-microchippic32/bin/bin/../../lib/gcc/pic32mx/4.8.3/../../../../pic32mx/lib/libpic32.a(vector10.o)
                0x9d01f340                __vector_dispatch_10
                0x00000001                ASSERT (((_vector_spacing == 0x0) || (SIZEOF (.vector_10) <= (_vector_spacing << 0x5))), function at exception vector 10 too large)

.vector_11      0x9d01f360        0x8
 *(.vector_11)
 .vector_11     0x9d01f360        0x8 /home/sylam/.platformio/packages/toolchain-microchippic32/bin/bin/../../lib/gcc/pic32mx/4.8.3/../../../../pic32mx/lib/libpic32.a(vector11.o)
                0x9d01f360                __vector_dispatch_11
                0x00000001                ASSERT (((_vector_spacing == 0x0) || (SIZEOF (.vector_11) <= (_vector_spacing << 0x5))), function at exception vector 11 too large)

.vector_12      0x9d01f380        0x8
 *(.vector_12)
 .vector_12     0x9d01f380        0x8 /home/sylam/.platformio/packages/toolchain-microchippic32/bin/bin/../../lib/gcc/pic32mx/4.8.3/../../../../pic32mx/lib/libpic32.a(vector12.o)
                0x9d01f380                __vector_dispatch_12
                0x00000001                ASSERT (((_vector_spacing == 0x0) || (SIZEOF (.vector_12) <= (_vector_spacing << 0x5))), function at exception vector 12 too large)

.vector_13      0x9d01f3a0        0x8
 *(.vector_13)
 .vector_13     0x9d01f3a0        0x8 /home/sylam/.platformio/packages/toolchain-microchippic32/bin/bin/../../lib/gcc/pic32mx/4.8.3/../../../../pic32mx/lib/libpic32.a(vector13.o)
                0x9d01f3a0                __vector_dispatch_13
                0x00000001                ASSERT (((_vector_spacing == 0x0) || (SIZEOF (.vector_13) <= (_vector_spacing << 0x5))), function at exception vector 13 too large)

.vector_14      0x9d01f3c0        0x8
 *(.vector_14)
 .vector_14     0x9d01f3c0        0x8 /home/sylam/.platformio/packages/toolchain-microchippic32/bin/bin/../../lib/gcc/pic32mx/4.8.3/../../../../pic32mx/lib/libpic32.a(vector14.o)
                0x9d01f3c0                __vector_dispatch_14
                0x00000001                ASSERT (((_vector_spacing == 0x0) || (SIZEOF (.vector_14) <= (_vector_spacing << 0x5))), function at exception vector 14 too large)

.vector_15      0x9d01f3e0        0x8
 *(.vector_15)
 .vector_15     0x9d01f3e0        0x8 /home/sylam/.platformio/packages/toolchain-microchippic32/bin/bin/../../lib/gcc/pic32mx/4.8.3/../../../../pic32mx/lib/libpic32.a(vector15.o)
                0x9d01f3e0                __vector_dispatch_15
                0x00000001                ASSERT (((_vector_spacing == 0x0) || (SIZEOF (.vector_15) <= (_vector_spacing << 0x5))), function at exception vector 15 too large)

.vector_16      0x9d01f400        0x8
 *(.vector_16)
 .vector_16     0x9d01f400        0x8 /home/sylam/.platformio/packages/toolchain-microchippic32/bin/bin/../../lib/gcc/pic32mx/4.8.3/../../../../pic32mx/lib/libpic32.a(vector16.o)
                0x9d01f400                __vector_dispatch_16
                0x00000001                ASSERT (((_vector_spacing == 0x0) || (SIZEOF (.vector_16) <= (_vector_spacing << 0x5))), function at exception vector 16 too large)

.vector_17      0x9d01f420        0x8
 *(.vector_17)
 .vector_17     0x9d01f420        0x8 /home/sylam/.platformio/packages/toolchain-microchippic32/bin/bin/../../lib/gcc/pic32mx/4.8.3/../../../../pic32mx/lib/libpic32.a(vector17.o)
                0x9d01f420                __vector_dispatch_17
                0x00000001                ASSERT (((_vector_spacing == 0x0) || (SIZEOF (.vector_17) <= (_vector_spacing << 0x5))), function at exception vector 17 too large)

.vector_18      0x9d01f440        0x8
 *(.vector_18)
 .vector_18     0x9d01f440        0x8 /home/sylam/.platformio/packages/toolchain-microchippic32/bin/bin/../../lib/gcc/pic32mx/4.8.3/../../../../pic32mx/lib/libpic32.a(vector18.o)
                0x9d01f440                __vector_dispatch_18
                0x00000001                ASSERT (((_vector_spacing == 0x0) || (SIZEOF (.vector_18) <= (_vector_spacing << 0x5))), function at exception vector 18 too large)

.vector_19      0x9d01f460        0x8
 *(.vector_19)
 .vector_19     0x9d01f460        0x8 /home/sylam/.platformio/packages/toolchain-microchippic32/bin/bin/../../lib/gcc/pic32mx/4.8.3/../../../../pic32mx/lib/libpic32.a(vector19.o)
                0x9d01f460                __vector_dispatch_19
                0x00000001                ASSERT (((_vector_spacing == 0x0) || (SIZEOF (.vector_19) <= (_vector_spacing << 0x5))), function at exception vector 19 too large)

.vector_20      0x9d01f480        0x8
 *(.vector_20)
 .vector_20     0x9d01f480        0x8 /home/sylam/.platformio/packages/toolchain-microchippic32/bin/bin/../../lib/gcc/pic32mx/4.8.3/../../../../pic32mx/lib/libpic32.a(vector20.o)
                0x9d01f480                __vector_dispatch_20
                0x00000001                ASSERT (((_vector_spacing == 0x0) || (SIZEOF (.vector_20) <= (_vector_spacing << 0x5))), function at exception vector 20 too large)

.vector_21      0x9d01f4a0        0x8
 *(.vector_21)
 .vector_21     0x9d01f4a0        0x8 /home/sylam/.platformio/packages/toolchain-microchippic32/bin/bin/../../lib/gcc/pic32mx/4.8.3/../../../../pic32mx/lib/libpic32.a(vector21.o)
                0x9d01f4a0                __vector_dispatch_21
                0x00000001                ASSERT (((_vector_spacing == 0x0) || (SIZEOF (.vector_21) <= (_vector_spacing << 0x5))), function at exception vector 21 too large)

.vector_22      0x9d01f4c0        0x8
 *(.vector_22)
 .vector_22     0x9d01f4c0        0x8 /home/sylam/.platformio/packages/toolchain-microchippic32/bin/bin/../../lib/gcc/pic32mx/4.8.3/../../../../pic32mx/lib/libpic32.a(vector22.o)
                0x9d01f4c0                __vector_dispatch_22
                0x00000001                ASSERT (((_vector_spacing == 0x0) || (SIZEOF (.vector_22) <= (_vector_spacing << 0x5))), function at exception vector 22 too large)

.vector_23      0x9d01f4e0        0x8
 *(.vector_23)
 .vector_23     0x9d01f4e0        0x8 /home/sylam/.platformio/packages/toolchain-microchippic32/bin/bin/../../lib/gcc/pic32mx/4.8.3/../../../../pic32mx/lib/libpic32.a(vector23.o)
                0x9d01f4e0                __vector_dispatch_23
                0x00000001                ASSERT (((_vector_spacing == 0x0) || (SIZEOF (.vector_23) <= (_vector_spacing << 0x5))), function at exception vector 23 too large)

.vector_24      0x9d01f500        0x8
 *(.vector_24)
 .vector_24     0x9d01f500        0x8 /home/sylam/.platformio/packages/toolchain-microchippic32/bin/bin/../../lib/gcc/pic32mx/4.8.3/../../../../pic32mx/lib/libpic32.a(vector24.o)
                0x9d01f500                __vector_dispatch_24
                0x00000001                ASSERT (((_vector_spacing == 0x0) || (SIZEOF (.vector_24) <= (_vector_spacing << 0x5))), function at exception vector 24 too large)

.vector_25      0x9d01f520        0x8
 *(.vector_25)
 .vector_25     0x9d01f520        0x8 /home/sylam/.platformio/packages/toolchain-microchippic32/bin/bin/../../lib/gcc/pic32mx/4.8.3/../../../../pic32mx/lib/libpic32.a(vector25.o)
                0x9d01f520                __vector_dispatch_25
                0x00000001                ASSERT (((_vector_spacing == 0x0) || (SIZEOF (.vector_25) <= (_vector_spacing << 0x5))), function at exception vector 25 too large)

.vector_26      0x9d01f540        0x8
 *(.vector_26)
 .vector_26     0x9d01f540        0x8 /home/sylam/.platformio/packages/toolchain-microchippic32/bin/bin/../../lib/gcc/pic32mx/4.8.3/../../../../pic32mx/lib/libpic32.a(vector26.o)
                0x9d01f540                __vector_dispatch_26
                0x00000001                ASSERT (((_vector_spacing == 0x0) || (SIZEOF (.vector_26) <= (_vector_spacing << 0x5))), function at exception vector 26 too large)

.vector_27      0x9d01f560        0x8
 *(.vector_27)
 .vector_27     0x9d01f560        0x8 /home/sylam/.platformio/packages/toolchain-microchippic32/bin/bin/../../lib/gcc/pic32mx/4.8.3/../../../../pic32mx/lib/libpic32.a(vector27.o)
                0x9d01f560                __vector_dispatch_27
                0x00000001                ASSERT (((_vector_spacing == 0x0) || (SIZEOF (.vector_27) <= (_vector_spacing << 0x5))), function at exception vector 27 too large)

.vector_28      0x9d01f580        0x8
 *(.vector_28)
 .vector_28     0x9d01f580        0x8 /home/sylam/.platformio/packages/toolchain-microchippic32/bin/bin/../../lib/gcc/pic32mx/4.8.3/../../../../pic32mx/lib/libpic32.a(vector28.o)
                0x9d01f580                __vector_dispatch_28
                0x00000001                ASSERT (((_vector_spacing == 0x0) || (SIZEOF (.vector_28) <= (_vector_spacing << 0x5))), function at exception vector 28 too large)

.vector_29      0x9d01f5a0        0x8
 *(.vector_29)
 .vector_29     0x9d01f5a0        0x8 /home/sylam/.platformio/packages/toolchain-microchippic32/bin/bin/../../lib/gcc/pic32mx/4.8.3/../../../../pic32mx/lib/libpic32.a(vector29.o)
                0x9d01f5a0                __vector_dispatch_29
                0x00000001                ASSERT (((_vector_spacing == 0x0) || (SIZEOF (.vector_29) <= (_vector_spacing << 0x5))), function at exception vector 29 too large)

.vector_30      0x9d01f5c0        0x8
 *(.vector_30)
 .vector_30     0x9d01f5c0        0x8 src/usb_device.o
                0x9d01f5c0                __vector_dispatch_30
                0x00000001                ASSERT (((_vector_spacing == 0x0) || (SIZEOF (.vector_30) <= (_vector_spacing << 0x5))), function at exception vector 30 too large)

.vector_31      0x9d01f5e0        0x8
 *(.vector_31)
 .vector_31     0x9d01f5e0        0x8 /home/sylam/.platformio/packages/toolchain-microchippic32/bin/bin/../../lib/gcc/pic32mx/4.8.3/../../../../pic32mx/lib/libpic32.a(vector31.o)
                0x9d01f5e0                __vector_dispatch_31
                0x00000001                ASSERT (((_vector_spacing == 0x0) || (SIZEOF (.vector_31) <= (_vector_spacing << 0x5))), function at exception vector 31 too large)

.vector_32      0x9d01f600        0x8
 *(.vector_32)
 .vector_32     0x9d01f600        0x8 src/uart.o
                0x9d01f600                __vector_dispatch_32
                0x00000001                ASSERT (((_vector_spacing == 0x0) || (SIZEOF (.vector_32) <= (_vector_spacing << 0x5))), function at exception vector 32 too large)

.vector_33      0x9d01f620        0x8
 *(.vector_33)
 .vector_33     0x9d01f620        0x8 /home/sylam/.platformio/packages/toolchain-microchippic32/bin/bin/../../lib/gcc/pic32mx/4.8.3/../../../../pic32mx/lib/libpic32.a(vector33.o)
                0x9d01f620                __vector_dispatch_33
                0x00000001                ASSERT (((_vector_spacing == 0x0) || (SIZEOF (.vector_33) <= (_vector_spacing << 0x5))), function at exception vector 33 too large)

.vector_34      0x9d01f640        0x8
 *(.vector_34)
 .vector_34     0x9d01f640        0x8 /home/sylam/.platformio/packages/toolchain-microchippic32/bin/bin/../../lib/gcc/pic32mx/4.8.3/../../../../pic32mx/lib/libpic32.a(vector34.o)
                0x9d01f640                __vector_dispatch_34
                0x00000001                ASSERT (((_vector_spacing == 0x0) || (SIZEOF (.vector_34) <= (_vector_spacing << 0x5))), function at exception vector 34 too large)

.vector_35      0x9d01f660        0x8
 *(.vector_35)
 .vector_35     0x9d01f660        0x8 /home/sylam/.platformio/packages/toolchain-microchippic32/bin/bin/../../lib/gcc/pic32mx/4.8.3/../../../../pic32mx/lib/libpic32.a(vector35.o)
                0x9d01f660                __vector_dispatch_35
                0x00000001                ASSERT (((_vector_spacing == 0x0) || (SIZEOF (.vector_35) <= (_vector_spacing << 0x5))), function at exception vector 35 too large)

.vector_36      0x9d01f680        0x8
 *(.vector_36)
 .vector_36     0x9d01f680        0x8 /home/sylam/.platformio/packages/toolchain-microchippic32/bin/bin/../../lib/gcc/pic32mx/4.8.3/../../../../pic32mx/lib/libpic32.a(vector36.o)
                0x9d01f680                __vector_dispatch_36
                0x00000001                ASSERT (((_vector_spacing == 0x0) || (SIZEOF (.vector_36) <= (_vector_spacing << 0x5))), function at exception vector 36 too large)

.vector_37      0x9d01f6a0        0x8
 *(.vector_37)
 .vector_37     0x9d01f6a0        0x8 /home/sylam/.platformio/packages/toolchain-microchippic32/bin/bin/../../lib/gcc/pic32mx/4.8.3/../../../../pic32mx/lib/libpic32.a(vector37.o)
                0x9d01f6a0                __vector_dispatch_37
                0x00000001                ASSERT (((_vector_spacing == 0x0) || (SIZEOF (.vector_37) <= (_vector_spacing << 0x5))), function at exception vector 37 too large)

.vector_38      0x9d01f6c0        0x8
 *(.vector_38)
 .vector_38     0x9d01f6c0        0x8 /home/sylam/.platformio/packages/toolchain-microchippic32/bin/bin/../../lib/gcc/pic32mx/4.8.3/../../../../pic32mx/lib/libpic32.a(vector38.o)
                0x9d01f6c0                __vector_dispatch_38
                0x00000001                ASSERT (((_vector_spacing == 0x0) || (SIZEOF (.vector_38) <= (_vector_spacing << 0x5))), function at exception vector 38 too large)

.vector_39      0x9d01f6e0        0x8
 *(.vector_39)
 .vector_39     0x9d01f6e0        0x8 /home/sylam/.platformio/packages/toolchain-microchippic32/bin/bin/../../lib/gcc/pic32mx/4.8.3/../../../../pic32mx/lib/libpic32.a(vector39.o)
                0x9d01f6e0                __vector_dispatch_39
                0x00000001                ASSERT (((_vector_spacing == 0x0) || (SIZEOF (.vector_39) <= (_vector_spacing << 0x5))), function at exception vector 39 too large)

.vector_40      0x9d01f700        0x8
 *(.vector_40)
 .vector_40     0x9d01f700        0x8 /home/sylam/.platformio/packages/toolchain-microchippic32/bin/bin/../../lib/gcc/pic32mx/4.8.3/../../../../pic32mx/lib/libpic32.a(vector40.o)
                0x9d01f700                __vector_dispatch_40
                0x00000001                ASSERT (((_vector_spacing == 0x0) || (SIZEOF (.vector_40) <= (_vector_spacing << 0x5))), function at exception vector 40 too large)

.vector_41      0x9d01f720        0x8
 *(.vector_41)
 .vector_41     0x9d01f720        0x8 /home/sylam/.platformio/packages/toolchain-microchippic32/bin/bin/../../lib/gcc/pic32mx/4.8.3/../../../../pic32mx/lib/libpic32.a(vector41.o)
                0x9d01f720                __vector_dispatch_41
                0x00000001                ASSERT (((_vector_spacing == 0x0) || (SIZEOF (.vector_41) <= (_vector_spacing << 0x5))), function at exception vector 41 too large)

.vector_42      0x9d01f740        0x8
 *(.vector_42)
 .vector_42     0x9d01f740        0x8 /home/sylam/.platformio/packages/toolchain-microchippic32/bin/bin/../../lib/gcc/pic32mx/4.8.3/../../../../pic32mx/lib/libpic32.a(vector42.o)
                0x9d01f740                __vector_dispatch_42
                0x00000001                ASSERT (((_vector_spacing == 0x0) || (SIZEOF (.vector_42) <= (_vector_spacing << 0x5))), function at exception vector 42 too large)

.vector_43      0x9d01f760        0x8
 *(.vector_43)
 .vector_43     0x9d01f760        0x8 /home/sylam/.platformio/packages/toolchain-microchippic32/bin/bin/../../lib/gcc/pic32mx/4.8.3/../../../../pic32mx/lib/libpic32.a(vector43.o)
                0x9d01f760                __vector_dispatch_43
                0x00000001                ASSERT (((_vector_spacing == 0x0) || (SIZEOF (.vector_43) <= (_vector_spacing << 0x5))), function at exception vector 43 too large)

.vector_44      0x9d01f780        0x0
 *(.vector_44)
                0x00000001                ASSERT (((_vector_spacing == 0x0) || (SIZEOF (.vector_44) <= (_vector_spacing << 0x5))), function at exception vector 44 too large)

.vector_45      0x9d01f7a0        0x0
 *(.vector_45)
                0x00000001                ASSERT (((_vector_spacing == 0x0) || (SIZEOF (.vector_45) <= (_vector_spacing << 0x5))), function at exception vector 45 too large)

.vector_46      0x9d01f7c0        0x0
 *(.vector_46)
                0x00000001                ASSERT (((_vector_spacing == 0x0) || (SIZEOF (.vector_46) <= (_vector_spacing << 0x5))), function at exception vector 46 too large)

.vector_47      0x9d01f7e0        0x0
 *(.vector_47)
                0x00000001                ASSERT (((_vector_spacing == 0x0) || (SIZEOF (.vector_47) <= (_vector_spacing << 0x5))), function at exception vector 47 too large)

.vector_48      0x9d01f800        0x0
 *(.vector_48)
                0x00000001                ASSERT (((_vector_spacing == 0x0) || (SIZEOF (.vector_48) <= (_vector_spacing << 0x5))), function at exception vector 48 too large)

.vector_49      0x9d01f820        0x0
 *(.vector_49)
                0x00000001                ASSERT (((_vector_spacing == 0x0) || (SIZEOF (.vector_49) <= (_vector_spacing << 0x5))), function at exception vector 49 too large)

.vector_50      0x9d01f840        0x0
 *(.vector_50)
                0x00000001                ASSERT (((_vector_spacing == 0x0) || (SIZEOF (.vector_50) <= (_vector_spacing << 0x5))), function at exception vector 50 too large)

.vector_51      0x9d01f860        0x0
 *(.vector_51)
                0x00000001                ASSERT (((_vector_spacing == 0x0) || (SIZEOF (.vector_51) <= (_vector_spacing << 0x5))), function at exception vector 51 too large)

.vector_52      0x9d01f880        0x0
 *(.vector_52)
                0x00000001                ASSERT (((_vector_spacing == 0x0) || (SIZEOF (.vector_52) <= (_vector_spacing << 0x5))), function at exception vector 52 too large)

.vector_53      0x9d01f8a0        0x0
 *(.vector_53)
                0x00000001                ASSERT (((_vector_spacing == 0x0) || (SIZEOF (.vector_53) <= (_vector_spacing << 0x5))), function at exception vector 53 too large)

.vector_54      0x9d01f8c0        0x0
 *(.vector_54)
                0x00000001                ASSERT (((_vector_spacing == 0x0) || (SIZEOF (.vector_54) <= (_vector_spacing << 0x5))), function at exception vector 54 too large)

.vector_55      0x9d01f8e0        0x0
 *(.vector_55)
                0x00000001                ASSERT (((_vector_spacing == 0x0) || (SIZEOF (.vector_55) <= (_vector_spacing << 0x5))), function at exception vector 55 too large)

.vector_56      0x9d01f900        0x0
 *(.vector_56)
                0x00000001                ASSERT (((_vector_spacing == 0x0) || (SIZEOF (.vector_56) <= (_vector_spacing << 0x5))), function at exception vector 56 too large)

.vector_57      0x9d01f920        0x0
 *(.vector_57)
                0x00000001                ASSERT (((_vector_spacing == 0x0) || (SIZEOF (.vector_57) <= (_vector_spacing << 0x5))), function at exception vector 57 too large)

.vector_58      0x9d01f940        0x0
 *(.vector_58)
                0x00000001                ASSERT (((_vector_spacing == 0x0) || (SIZEOF (.vector_58) <= (_vector_spacing << 0x5))), function at exception vector 58 too large)

.vector_59      0x9d01f960        0x0
 *(.vector_59)
                0x00000001                ASSERT (((_vector_spacing == 0x0) || (SIZEOF (.vector_59) <= (_vector_spacing << 0x5))), function at exception vector 59 too large)

.vector_60      0x9d01f980        0x0
 *(.vector_60)
                0x00000001                ASSERT (((_vector_spacing == 0x0) || (SIZEOF (.vector_60) <= (_vector_spacing << 0x5))), function at exception vector 60 too large)

.vector_61      0x9d01f9a0        0x0
 *(.vector_61)
                0x00000001                ASSERT (((_vector_spacing == 0x0) || (SIZEOF (.vector_61) <= (_vector_spacing << 0x5))), function at exception vector 61 too large)

.vector_62      0x9d01f9c0        0x0
 *(.vector_62)
                0x00000001                ASSERT (((_vector_spacing == 0x0) || (SIZEOF (.vector_62) <= (_vector_spacing << 0x5))), function at exception vector 62 too large)

.vector_63      0x9d01f9e0        0x0
 *(.vector_63)
                0x00000001                ASSERT (((_vector_spacing == 0x0) || (SIZEOF (.vector_63) <= (_vector_spacing << 0x5))), function at exception vector 63 too large)

.startup
 *(.startup)

.text           0x9d000000        0x0
 *(.stub .gnu.linkonce.t.*)
 *(.text.*personality*)
 *(.mips16.fn.*)
 *(.mips16.call.*)
 *(.gnu.warning)
                0x9d000000                . = ALIGN (0x4)

.init           0x9d000000       0x24
 *crti.o(.init)
 .init          0x9d000000        0x8 /home/sylam/.platformio/packages/toolchain-microchippic32/bin/bin/../../lib/gcc/pic32mx/4.8.3/crti.o
                0x9d000000                _init
 *crtbegin.o(.init)
 .init          0x9d000008        0x8 /home/sylam/.platformio/packages/toolchain-microchippic32/bin/bin/../../lib/gcc/pic32mx/4.8.3/crtbegin.o
 *(EXCLUDE_FILE(*crtn.o *crtend?.o *crtend.o) .init)
 *crtend.o(.init)
 .init          0x9d000010        0x8 /home/sylam/.platformio/packages/toolchain-microchippic32/bin/bin/../../lib/gcc/pic32mx/4.8.3/crtend.o
 *crtn.o(.init)
 .init          0x9d000018        0xc /home/sylam/.platformio/packages/toolchain-microchippic32/bin/bin/../../lib/gcc/pic32mx/4.8.3/crtn.o
                0x9d000024                . = ALIGN (0x4)

.fini           0x9d000024       0x1c
 *(.fini)
 .fini          0x9d000024        0x8 /home/sylam/.platformio/packages/toolchain-microchippic32/bin/bin/../../lib/gcc/pic32mx/4.8.3/crti.o
                0x9d000024                _fini
 .fini          0x9d00002c        0x8 /home/sylam/.platformio/packages/toolchain-microchippic32/bin/bin/../../lib/gcc/pic32mx/4.8.3/crtbegin.o
 .fini          0x9d000034        0xc /home/sylam/.platformio/packages/toolchain-microchippic32/bin/bin/../../lib/gcc/pic32mx/4.8.3/crtn.o
                0x9d000040                . = ALIGN (0x4)

.preinit_array  0x9d000040        0x0
                0x9d000040                PROVIDE (__preinit_array_start, .)
 *(.preinit_array)
                0x9d000040                PROVIDE (__preinit_array_end, .)
                0x9d000040                . = ALIGN (0x4)

.init_array     0x9d000040        0x0
                0x9d000040                PROVIDE (__init_array_start, .)
 *(SORT(.init_array.*))
 *(.init_array)
                0x9d000040                PROVIDE (__init_array_end, .)
                0x9d000040                . = ALIGN (0x4)

.fini_array     0x9d000040        0x0
                0x9d000040                PROVIDE (__fini_array_start, .)
 *(SORT(.fini_array.*))
 *(.fini_array)
                0x9d000040                PROVIDE (__fini_array_end, .)
                0x9d000040                . = ALIGN (0x4)

.ctors          0x9d000040        0x8
 *crtbegin.o(.ctors)
 .ctors         0x9d000040        0x4 /home/sylam/.platformio/packages/toolchain-microchippic32/bin/bin/../../lib/gcc/pic32mx/4.8.3/crtbegin.o
 *crtbegin?.o(.ctors)
 *(EXCLUDE_FILE(*crtend?.o *crtend.o) .ctors)
 *(SORT(.ctors.*))
 *(.ctors)
 .ctors         0x9d000044        0x4 /home/sylam/.platformio/packages/toolchain-microchippic32/bin/bin/../../lib/gcc/pic32mx/4.8.3/crtend.o
                0x9d000048                . = ALIGN (0x4)

.dtors          0x9d000048        0x8
 *crtbegin.o(.dtors)
 .dtors         0x9d000048        0x4 /home/sylam/.platformio/packages/toolchain-microchippic32/bin/bin/../../lib/gcc/pic32mx/4.8.3/crtbegin.o
 *crtbegin?.o(.dtors)
 *(EXCLUDE_FILE(*crtend?.o *crtend.o) .dtors)
 *(SORT(.dtors.*))
 *(.dtors)
 .dtors         0x9d00004c        0x4 /home/sylam/.platformio/packages/toolchain-microchippic32/bin/bin/../../lib/gcc/pic32mx/4.8.3/crtend.o
                0x9d00004c                __DTOR_END__
                0x9d000050                . = ALIGN (0x4)

.rodata         0x9d000050        0x0
 *(.gnu.linkonce.r.*)
 *(.rodata1)
                0x9d000050                . = ALIGN (0x4)

.sdata2         0x9d000050        0x0
 *(.sdata2 .sdata2.* .gnu.linkonce.s2.*)
                0x9d000050                . = ALIGN (0x4)

.sbss2          0x9d000050        0x0
 *(.sbss2 .sbss2.* .gnu.linkonce.sb2.*)
                0x9d000050                . = ALIGN (0x4)

.eh_frame_hdr
 *(.eh_frame_hdr)
                0x9d000050                . = ALIGN (0x4)

.eh_frame
 *(.eh_frame)
                0x9d000050                . = ALIGN (0x4)

.gcc_except_table
 *(.gcc_except_table .gcc_except_table.*)
                0x9d000050                . = ALIGN (0x4)

.dbg_data       0xa0000000        0x0
                0xa0000000                . = (. + DEFINED (_DEBUGGER)?0x200:0x0)

.jcr            0xa0000000        0x4
 *(.jcr)
 .jcr           0xa0000000        0x0 /home/sylam/.platformio/packages/toolchain-microchippic32/bin/bin/../../lib/gcc/pic32mx/4.8.3/crtbegin.o
 .jcr           0xa0000000        0x4 /home/sylam/.platformio/packages/toolchain-microchippic32/bin/bin/../../lib/gcc/pic32mx/4.8.3/crtend.o
                0xa0000004                . = ALIGN (0x4)

.eh_frame       0xa0000004        0x4
 *(.eh_frame)
 .eh_frame      0xa0000004        0x0 /home/sylam/.platformio/packages/toolchain-microchippic32/bin/bin/../../lib/gcc/pic32mx/4.8.3/crtbegin.o
 .eh_frame      0xa0000004        0x4 /home/sylam/.platformio/packages/toolchain-microchippic32/bin/bin/../../lib/gcc/pic32mx/4.8.3/crtend.o
                0xa0000008                . = ALIGN (0x4)

.gcc_except_table
 *(.gcc_except_table .gcc_except_table.*)
                0xa0000008                . = ALIGN (0x4)

.persist        0xa0000008        0x0
                0xa0000008                _persist_begin = .
 *(.persist .persist.*)
 *(.pbss .pbss.*)
                0xa0000008                . = ALIGN (0x4)
                0xa0000008                _persist_end = .

.data           0xa0000008        0x0
 *(.gnu.linkonce.d.*)
 *(.data1)
                0xa0000008                . = ALIGN (0x4)
                0xa0000008                . = .
                0xa0008000                _gp = (ALIGN (0x10) + 0x7ff0)

.got            0xa0000008        0x0
 *(.got.plt)
 *(.got)
                0xa0000008                . = ALIGN (0x4)

.sdata          0xa0000008        0xc
                0xa0000008                _sdata_begin = .
 *(.sdata .sdata.* .gnu.linkonce.s.*)
 .sdata         0xa0000008        0x4 /home/sylam/.platformio/packages/toolchain-microchippic32/bin/bin/../../lib/gcc/pic32mx/4.8.3/crtbegin.o
                0xa0000008                __dso_handle
 .sdata         0xa000000c        0x8 src/usb_cdc.o
                0xa0000014                . = ALIGN (0x4)
                0xa0000014                _sdata_end = .

.lit8
 *(.lit8)

.lit4
 *(.lit4)
                0xa0000014                . = ALIGN (0x4)
                0xa0000014                _data_end = .
                0xa0000014                _bss_begin = .

.sbss           0xa0000014       0x48
                0xa0000014                _sbss_begin = .
 *(.dynsbss)
 *(.sbss .sbss.* .gnu.linkonce.sb.*)
 .sbss          0xa0000014       0x10 src/usb_device.o
 .sbss          0xa0000024       0x10 src/usb_cdc.o
 .sbss          0xa0000034        0xc src/uart.o
 .sbss          0xa0000040        0x8 src/os.o
 .sbss          0xa0000048        0xc src/cdctx.o
 .sbss          0xa0000054        0x8 src/cdcrx.o
 *(.scommon)
                0xa000005c                _sbss_end = .
                0xa000005c                . = ALIGN (0x4)

.bss            0xa000005c        0x0
 *(.dynbss)
 *(COMMON)
                0xa000005c                . = ALIGN ((. != 0x0)?0x4:0x1)
                0xa000005c                . = ALIGN (0x4)
                0xa000005c                _end = .
                0xa000005c                _bss_end = .
                0x00008000                _bmxdudba_address = 0x8000
                0x00008000                _bmxdupba_address = 0x8000

/DISCARD/
 *(.pdr)
 *(.rel.dyn)
 *(.note.GNU-stack)
 *(.note.GNU-stack)
 *(.gnu_debuglink)
 *(.gnu.lto_*)
 *(.discard)

.gptab.sdata
 *(.gptab.data)
 *(.gptab.sdata)

.gptab.sbss
 *(.gptab.bss)
 *(.gptab.sbss)

.mdebug.abi32   0xa000005c        0x0
 *(.mdebug.abi32)
 .mdebug.abi32  0xa000005c        0x0 /home/sylam/.platformio/packages/toolchain-microchippic32/bin/bin/../../lib/gcc/pic32mx/4.8.3/crtbegin.o
 .mdebug.abi32  0xa000005c        0x0 src/usb_device.o
 .mdebug.abi32  0xa000005c        0x0 src/usb_descriptors.o
 .mdebug.abi32  0xa000005c        0x0 src/usb_cdc.o
 .mdebug.abi32  0xa000005c        0x0 src/uart.o
 .mdebug.abi32  0xa000005c        0x0 src/os.o
 .mdebug.abi32  0xa000005c        0x0 src/main.o
 .mdebug.abi32  0xa000005c        0x0 src/cdctx.o
 .mdebug.abi32  0xa000005c        0x0 src/cdcrx.o
 .mdebug.abi32  0xa000005c        0x0 /home/sylam/.platformio/packages/toolchain-microchippic32/bin/bin/../../lib/gcc/pic32mx/4.8.3/../../../../pic32mx/lib/libpic32.a(default-bootstrap-exception-handler.o)
 .mdebug.abi32  0xa000005c        0x0 /home/sylam/.platformio/packages/toolchain-microchippic32/bin/bin/../../lib/gcc/pic32mx/4.8.3/../../../../pic32mx/lib/libpic32.a(default-on-reset.o)
 .mdebug.abi32  0xa000005c        0x0 /home/sylam/.platformio/packages/toolchain-microchippic32/bin/bin/../../lib/gcc/pic32mx/4.8.3/../../../../pic32mx/lib/libpic32.a(default-on-bootstrap.o)
 .mdebug.abi32  0xa000005c        0x0 /home/sylam/.platformio/packages/toolchain-microchippic32/bin/bin/../../lib/gcc/pic32mx/4.8.3/../../../../pic32mx/lib/libpic32.a(default-general-exception-handler.o)
 .mdebug.abi32  0xa000005c        0x0 /home/sylam/.platformio/packages/toolchain-microchippic32/bin/bin/../../lib/gcc/pic32mx/4.8.3/../../../../pic32mx/lib/libpic32.a(defaultinterrupt.o)
 .mdebug.abi32  0xa000005c        0x0 /home/sylam/.platformio/packages/toolchain-microchippic32/bin/bin/../../lib/gcc/pic32mx/4.8.3/crtend.o

.mdebug.abiN32
 *(.mdebug.abiN32)

.mdebug.abi64
 *(.mdebug.abi64)

.mdebug.abiO64
 *(.mdebug.abiO64)

.mdebug.eabi32
 *(.mdebug.eabi32)

.mdebug.eabi64
 *(.mdebug.eabi64)

.gcc_compiled_long32
 *(.gcc_compiled_long32)

.gcc_compiled_long64
 *(.gcc_compiled_long64)

.stab
 *(.stab)

.stabstr
 *(.stabstr)

.stab.excl
 *(.stab.excl)

.stab.exclstr
 *(.stab.exclstr)

.stab.index
 *(.stab.index)

.stab.indexstr
 *(.stab.indexstr)

.comment        0x00000000       0x3b
 *(.comment)
 .comment       0x00000000       0x3b /home/sylam/.platformio/packages/toolchain-microchippic32/bin/bin/../../lib/gcc/pic32mx/4.8.3/crtbegin.o
                                 0x3c (size before relaxing)
 .comment       0x00000000       0x3c src/usb_device.o
 .comment       0x00000000       0x3c src/usb_descriptors.o
 .comment       0x00000000       0x3c src/usb_cdc.o
 .comment       0x00000000       0x3c src/uart.o
 .comment       0x00000000       0x3c src/os.o
 .comment       0x00000000       0x3c src/main.o
 .comment       0x00000000       0x3c src/cdctx.o
 .comment       0x00000000       0x3c src/cdcrx.o
 .comment       0x00000000       0x3c /home/sylam/.platformio/packages/toolchain-microchippic32/bin/bin/../../lib/gcc/pic32mx/4.8.3/../../../../pic32mx/lib/libpic32.a(default-bootstrap-exception-handler.o)
 .comment       0x00000000       0x3c /home/sylam/.platformio/packages/toolchain-microchippic32/bin/bin/../../lib/gcc/pic32mx/4.8.3/../../../../pic32mx/lib/libpic32.a(default-on-reset.o)
 .comment       0x00000000       0x3c /home/sylam/.platformio/packages/toolchain-microchippic32/bin/bin/../../lib/gcc/pic32mx/4.8.3/../../../../pic32mx/lib/libpic32.a(default-on-bootstrap.o)
 .comment       0x00000000       0x3c /home/sylam/.platformio/packages/toolchain-microchippic32/bin/bin/../../lib/gcc/pic32mx/4.8.3/../../../../pic32mx/lib/libpic32.a(default-general-exception-handler.o)
 .comment       0x00000000       0x3c /home/sylam/.platformio/packages/toolchain-microchippic32/bin/bin/../../lib/gcc/pic32mx/4.8.3/../../../../pic32mx/lib/libpic32.a(defaultinterrupt.o)
 .comment       0x00000000       0x3c /home/sylam/.platformio/packages/toolchain-microchippic32/bin/bin/../../lib/gcc/pic32mx/4.8.3/crtend.o

.debug
 *(.debug)

.line
 *(.line)

.debug_srcinfo
 *(.debug_srcinfo)

.debug_sfnames
 *(.debug_sfnames)

.debug_aranges
 *(.debug_aranges)

.debug_pubnames
 *(.debug_pubnames)

.debug_info
 *(.debug_info .gnu.linkonce.wi.*)

.debug_abbrev
 *(.debug_abbrev)

.debug_line
 *(.debug_line)

.debug_frame
 *(.debug_frame)

.debug_str
 *(.debug_str)

.debug_loc
 *(.debug_loc)

.debug_macinfo
 *(.debug_macinfo)

.debug_weaknames
 *(.debug_weaknames)

.debug_funcnames
 *(.debug_funcnames)

.debug_typenames
 *(.debug_typenames)

.debug_varnames
 *(.debug_varnames)

.debug_pubtypes
 *(.debug_pubtypes)

.debug_ranges
 *(.debug_ranges)

.gnu.attributes
                0x00000000       0x10
 *(.gnu.attributes)
 .gnu.attributes
                0x00000000       0x10 /home/sylam/.platformio/packages/toolchain-microchippic32/bin/bin/../../lib/gcc/pic32mx/4.8.3/crtbegin.o
 .gnu.attributes
                0x00000010       0x10 src/usb_device.o
 .gnu.attributes
                0x00000020       0x10 src/usb_descriptors.o
 .gnu.attributes
                0x00000030       0x10 src/usb_cdc.o
 .gnu.attributes
                0x00000040       0x10 src/uart.o
 .gnu.attributes
                0x00000050       0x10 src/os.o
 .gnu.attributes
                0x00000060       0x10 src/main.o
 .gnu.attributes
                0x00000070       0x10 src/cdctx.o
 .gnu.attributes
                0x00000080       0x10 src/cdcrx.o
 .gnu.attributes
                0x00000090       0x10 /home/sylam/.platformio/packages/toolchain-microchippic32/bin/bin/../../lib/gcc/pic32mx/4.8.3/../../../../pic32mx/lib/libpic32.a(default-bootstrap-exception-handler.o)
 .gnu.attributes
                0x000000a0       0x10 /home/sylam/.platformio/packages/toolchain-microchippic32/bin/bin/../../lib/gcc/pic32mx/4.8.3/../../../../pic32mx/lib/libpic32.a(default-on-reset.o)
 .gnu.attributes
                0x000000b0       0x10 /home/sylam/.platformio/packages/toolchain-microchippic32/bin/bin/../../lib/gcc/pic32mx/4.8.3/../../../../pic32mx/lib/libpic32.a(default-on-bootstrap.o)
 .gnu.attributes
                0x000000c0       0x10 /home/sylam/.platformio/packages/toolchain-microchippic32/bin/bin/../../lib/gcc/pic32mx/4.8.3/../../../../pic32mx/lib/libpic32.a(default-general-exception-handler.o)
 .gnu.attributes
                0x000000d0       0x10 /home/sylam/.platformio/packages/toolchain-microchippic32/bin/bin/../../lib/gcc/pic32mx/4.8.3/../../../../pic32mx/lib/libpic32.a(defaultinterrupt.o)
 .gnu.attributes
                0x000000e0       0x10 /home/sylam/.platformio/packages/toolchain-microchippic32/bin/bin/../../lib/gcc/pic32mx/4.8.3/crtend.o
LOAD /home/sylam/.platformio/packages/toolchain-microchippic32/bin/bin/../../lib/gcc/pic32mx/4.8.3/libgcc.a
START GROUP
LOAD /home/sylam/.platformio/packages/toolchain-microchippic32/bin/bin/../../lib/gcc/pic32mx/4.8.3/../../../../pic32mx/lib/libc.a
LOAD /home/sylam/.platformio/packages/toolchain-microchippic32/bin/bin/../../lib/gcc/pic32mx/4.8.3/../../../../pic32mx/lib/libsupc++.a
LOAD /home/sylam/.platformio/packages/toolchain-microchippic32/bin/bin/../../lib/gcc/pic32mx/4.8.3/../../../../pic32mx/lib/libpic32.a
LOAD /home/sylam/.platformio/packages/toolchain-microchippic32/bin/bin/../../lib/gcc/pic32mx/4.8.3/libgcc.a
LOAD /home/sylam/.platformio/packages/toolchain-microchippic32/bin/bin/../../lib/gcc/pic32mx/4.8.3/../../../../pic32mx/lib/libm.a
END GROUP
LOAD /home/sylam/.platformio/packages/toolchain-microchippic32/bin/bin/../../lib/gcc/pic32mx/4.8.3/libgcc.a
LOAD /home/sylam/.platformio/packages/toolchain-microchippic32/bin/bin/../../lib/gcc/pic32mx/4.8.3/crtend.o
LOAD /home/sylam/.platformio/packages/toolchain-microchippic32/bin/bin/../../lib/gcc/pic32mx/4.8.3/crtn.o
OUTPUT(out.elf elf32-tradlittlemips)
LOAD stack
LOAD data_init

.reginfo        0x00000000       0x18
 .reginfo       0x00000000       0x18 /home/sylam/.platformio/packages/toolchain-microchippic32/bin/bin/../../lib/gcc/pic32mx/4.8.3/../../../../pic32mx/lib/./proc/32MX250F128D/cpprt0_mips32r2.o

.stack          0xa0000430      0x400
 .stack         0xa0000430      0x400 stack

.bss            0xa0000200      0x200
 .bss           0xa0000200      0x200 src/usb_device.o

.bss            0xa000005c      0x108
 .bss           0xa000005c       0x88 src/cdcrx.o
 .bss           0xa00000e4       0x80 src/usb_cdc.o

.bss            0xa0000164       0x20
 .bss           0xa0000164       0x20 /home/sylam/.platformio/packages/toolchain-microchippic32/bin/bin/../../lib/gcc/pic32mx/4.8.3/crtbegin.o

.data           0xa0000184       0x10
 .data          0xa0000184        0xc src/usb_cdc.o
 .data          0xa0000190        0x4 /home/sylam/.platformio/packages/toolchain-microchippic32/bin/bin/../../lib/gcc/pic32mx/4.8.3/crtbegin.o

.data           0xa0000194        0x4
 .data          0xa0000194        0x4 /home/sylam/.platformio/packages/toolchain-microchippic32/bin/bin/../../lib/gcc/pic32mx/4.8.3/crtend.o

.bss            0x00000000        0x0
 .bss           0x00000000        0x0 /home/sylam/.platformio/packages/toolchain-microchippic32/bin/bin/../../lib/gcc/pic32mx/4.8.3/crtn.o

.data           0x00000000        0x0
 .data          0x00000000        0x0 /home/sylam/.platformio/packages/toolchain-microchippic32/bin/bin/../../lib/gcc/pic32mx/4.8.3/crtn.o

.tm_clone_table
                0x00000000        0x0
 .tm_clone_table
                0x00000000        0x0 /home/sylam/.platformio/packages/toolchain-microchippic32/bin/bin/../../lib/gcc/pic32mx/4.8.3/crtend.o
                0x00000000                __TMC_END__

.bss            0x00000000        0x0
 .bss           0x00000000        0x0 /home/sylam/.platformio/packages/toolchain-microchippic32/bin/bin/../../lib/gcc/pic32mx/4.8.3/crtend.o

.bss            0x00000000        0x0
 .bss           0x00000000        0x0 /home/sylam/.platformio/packages/toolchain-microchippic32/bin/bin/../../lib/gcc/pic32mx/4.8.3/../../../../pic32mx/lib/libpic32.a(defaultinterrupt.o)

.data           0x00000000        0x0
 .data          0x00000000        0x0 /home/sylam/.platformio/packages/toolchain-microchippic32/bin/bin/../../lib/gcc/pic32mx/4.8.3/../../../../pic32mx/lib/libpic32.a(defaultinterrupt.o)

.bss            0x00000000        0x0
 .bss           0x00000000        0x0 /home/sylam/.platformio/packages/toolchain-microchippic32/bin/bin/../../lib/gcc/pic32mx/4.8.3/../../../../pic32mx/lib/libpic32.a(default-general-exception-handler.o)

.data           0x00000000        0x0
 .data          0x00000000        0x0 /home/sylam/.platformio/packages/toolchain-microchippic32/bin/bin/../../lib/gcc/pic32mx/4.8.3/../../../../pic32mx/lib/libpic32.a(default-general-exception-handler.o)

.bss            0x00000000        0x0
 .bss           0x00000000        0x0 /home/sylam/.platformio/packages/toolchain-microchippic32/bin/bin/../../lib/gcc/pic32mx/4.8.3/../../../../pic32mx/lib/libpic32.a(vector43.o)

.data           0x00000000        0x0
 .data          0x00000000        0x0 /home/sylam/.platformio/packages/toolchain-microchippic32/bin/bin/../../lib/gcc/pic32mx/4.8.3/../../../../pic32mx/lib/libpic32.a(vector43.o)

.bss            0x00000000        0x0
 .bss           0x00000000        0x0 /home/sylam/.platformio/packages/toolchain-microchippic32/bin/bin/../../lib/gcc/pic32mx/4.8.3/../../../../pic32mx/lib/libpic32.a(vector42.o)

.data           0x00000000        0x0
 .data          0x00000000        0x0 /home/sylam/.platformio/packages/toolchain-microchippic32/bin/bin/../../lib/gcc/pic32mx/4.8.3/../../../../pic32mx/lib/libpic32.a(vector42.o)

.bss            0x00000000        0x0
 .bss           0x00000000        0x0 /home/sylam/.platformio/packages/toolchain-microchippic32/bin/bin/../../lib/gcc/pic32mx/4.8.3/../../../../pic32mx/lib/libpic32.a(vector41.o)

.data           0x00000000        0x0
 .data          0x00000000        0x0 /home/sylam/.platformio/packages/toolchain-microchippic32/bin/bin/../../lib/gcc/pic32mx/4.8.3/../../../../pic32mx/lib/libpic32.a(vector41.o)

.bss            0x00000000        0x0
 .bss           0x00000000        0x0 /home/sylam/.platformio/packages/toolchain-microchippic32/bin/bin/../../lib/gcc/pic32mx/4.8.3/../../../../pic32mx/lib/libpic32.a(vector40.o)

.data           0x00000000        0x0
 .data          0x00000000        0x0 /home/sylam/.platformio/packages/toolchain-microchippic32/bin/bin/../../lib/gcc/pic32mx/4.8.3/../../../../pic32mx/lib/libpic32.a(vector40.o)

.bss            0x00000000        0x0
 .bss           0x00000000        0x0 /home/sylam/.platformio/packages/toolchain-microchippic32/bin/bin/../../lib/gcc/pic32mx/4.8.3/../../../../pic32mx/lib/libpic32.a(vector39.o)

.data           0x00000000        0x0
 .data          0x00000000        0x0 /home/sylam/.platformio/packages/toolchain-microchippic32/bin/bin/../../lib/gcc/pic32mx/4.8.3/../../../../pic32mx/lib/libpic32.a(vector39.o)

.bss            0x00000000        0x0
 .bss           0x00000000        0x0 /home/sylam/.platformio/packages/toolchain-microchippic32/bin/bin/../../lib/gcc/pic32mx/4.8.3/../../../../pic32mx/lib/libpic32.a(vector38.o)

.data           0x00000000        0x0
 .data          0x00000000        0x0 /home/sylam/.platformio/packages/toolchain-microchippic32/bin/bin/../../lib/gcc/pic32mx/4.8.3/../../../../pic32mx/lib/libpic32.a(vector38.o)

.bss            0x00000000        0x0
 .bss           0x00000000        0x0 /home/sylam/.platformio/packages/toolchain-microchippic32/bin/bin/../../lib/gcc/pic32mx/4.8.3/../../../../pic32mx/lib/libpic32.a(vector37.o)

.data           0x00000000        0x0
 .data          0x00000000        0x0 /home/sylam/.platformio/packages/toolchain-microchippic32/bin/bin/../../lib/gcc/pic32mx/4.8.3/../../../../pic32mx/lib/libpic32.a(vector37.o)

.bss            0x00000000        0x0
 .bss           0x00000000        0x0 /home/sylam/.platformio/packages/toolchain-microchippic32/bin/bin/../../lib/gcc/pic32mx/4.8.3/../../../../pic32mx/lib/libpic32.a(vector36.o)

.data           0x00000000        0x0
 .data          0x00000000        0x0 /home/sylam/.platformio/packages/toolchain-microchippic32/bin/bin/../../lib/gcc/pic32mx/4.8.3/../../../../pic32mx/lib/libpic32.a(vector36.o)

.bss            0x00000000        0x0
 .bss           0x00000000        0x0 /home/sylam/.platformio/packages/toolchain-microchippic32/bin/bin/../../lib/gcc/pic32mx/4.8.3/../../../../pic32mx/lib/libpic32.a(vector35.o)

.data           0x00000000        0x0
 .data          0x00000000        0x0 /home/sylam/.platformio/packages/toolchain-microchippic32/bin/bin/../../lib/gcc/pic32mx/4.8.3/../../../../pic32mx/lib/libpic32.a(vector35.o)

.bss            0x00000000        0x0
 .bss           0x00000000        0x0 /home/sylam/.platformio/packages/toolchain-microchippic32/bin/bin/../../lib/gcc/pic32mx/4.8.3/../../../../pic32mx/lib/libpic32.a(vector34.o)

.data           0x00000000        0x0
 .data          0x00000000        0x0 /home/sylam/.platformio/packages/toolchain-microchippic32/bin/bin/../../lib/gcc/pic32mx/4.8.3/../../../../pic32mx/lib/libpic32.a(vector34.o)

.bss            0x00000000        0x0
 .bss           0x00000000        0x0 /home/sylam/.platformio/packages/toolchain-microchippic32/bin/bin/../../lib/gcc/pic32mx/4.8.3/../../../../pic32mx/lib/libpic32.a(vector33.o)

.data           0x00000000        0x0
 .data          0x00000000        0x0 /home/sylam/.platformio/packages/toolchain-microchippic32/bin/bin/../../lib/gcc/pic32mx/4.8.3/../../../../pic32mx/lib/libpic32.a(vector33.o)

.bss            0x00000000        0x0
 .bss           0x00000000        0x0 /home/sylam/.platformio/packages/toolchain-microchippic32/bin/bin/../../lib/gcc/pic32mx/4.8.3/../../../../pic32mx/lib/libpic32.a(vector31.o)

.data           0x00000000        0x0
 .data          0x00000000        0x0 /home/sylam/.platformio/packages/toolchain-microchippic32/bin/bin/../../lib/gcc/pic32mx/4.8.3/../../../../pic32mx/lib/libpic32.a(vector31.o)

.bss            0x00000000        0x0
 .bss           0x00000000        0x0 /home/sylam/.platformio/packages/toolchain-microchippic32/bin/bin/../../lib/gcc/pic32mx/4.8.3/../../../../pic32mx/lib/libpic32.a(vector29.o)

.data           0x00000000        0x0
 .data          0x00000000        0x0 /home/sylam/.platformio/packages/toolchain-microchippic32/bin/bin/../../lib/gcc/pic32mx/4.8.3/../../../../pic32mx/lib/libpic32.a(vector29.o)

.bss            0x00000000        0x0
 .bss           0x00000000        0x0 /home/sylam/.platformio/packages/toolchain-microchippic32/bin/bin/../../lib/gcc/pic32mx/4.8.3/../../../../pic32mx/lib/libpic32.a(vector28.o)

.data           0x00000000        0x0
 .data          0x00000000        0x0 /home/sylam/.platformio/packages/toolchain-microchippic32/bin/bin/../../lib/gcc/pic32mx/4.8.3/../../../../pic32mx/lib/libpic32.a(vector28.o)

.bss            0x00000000        0x0
 .bss           0x00000000        0x0 /home/sylam/.platformio/packages/toolchain-microchippic32/bin/bin/../../lib/gcc/pic32mx/4.8.3/../../../../pic32mx/lib/libpic32.a(vector27.o)

.data           0x00000000        0x0
 .data          0x00000000        0x0 /home/sylam/.platformio/packages/toolchain-microchippic32/bin/bin/../../lib/gcc/pic32mx/4.8.3/../../../../pic32mx/lib/libpic32.a(vector27.o)

.bss            0x00000000        0x0
 .bss           0x00000000        0x0 /home/sylam/.platformio/packages/toolchain-microchippic32/bin/bin/../../lib/gcc/pic32mx/4.8.3/../../../../pic32mx/lib/libpic32.a(vector26.o)

.data           0x00000000        0x0
 .data          0x00000000        0x0 /home/sylam/.platformio/packages/toolchain-microchippic32/bin/bin/../../lib/gcc/pic32mx/4.8.3/../../../../pic32mx/lib/libpic32.a(vector26.o)

.bss            0x00000000        0x0
 .bss           0x00000000        0x0 /home/sylam/.platformio/packages/toolchain-microchippic32/bin/bin/../../lib/gcc/pic32mx/4.8.3/../../../../pic32mx/lib/libpic32.a(vector25.o)

.data           0x00000000        0x0
 .data          0x00000000        0x0 /home/sylam/.platformio/packages/toolchain-microchippic32/bin/bin/../../lib/gcc/pic32mx/4.8.3/../../../../pic32mx/lib/libpic32.a(vector25.o)

.bss            0x00000000        0x0
 .bss           0x00000000        0x0 /home/sylam/.platformio/packages/toolchain-microchippic32/bin/bin/../../lib/gcc/pic32mx/4.8.3/../../../../pic32mx/lib/libpic32.a(vector24.o)

.data           0x00000000        0x0
 .data          0x00000000        0x0 /home/sylam/.platformio/packages/toolchain-microchippic32/bin/bin/../../lib/gcc/pic32mx/4.8.3/../../../../pic32mx/lib/libpic32.a(vector24.o)

.bss            0x00000000        0x0
 .bss           0x00000000        0x0 /home/sylam/.platformio/packages/toolchain-microchippic32/bin/bin/../../lib/gcc/pic32mx/4.8.3/../../../../pic32mx/lib/libpic32.a(vector23.o)

.data           0x00000000        0x0
 .data          0x00000000        0x0 /home/sylam/.platformio/packages/toolchain-microchippic32/bin/bin/../../lib/gcc/pic32mx/4.8.3/../../../../pic32mx/lib/libpic32.a(vector23.o)

.bss            0x00000000        0x0
 .bss           0x00000000        0x0 /home/sylam/.platformio/packages/toolchain-microchippic32/bin/bin/../../lib/gcc/pic32mx/4.8.3/../../../../pic32mx/lib/libpic32.a(vector22.o)

.data           0x00000000        0x0
 .data          0x00000000        0x0 /home/sylam/.platformio/packages/toolchain-microchippic32/bin/bin/../../lib/gcc/pic32mx/4.8.3/../../../../pic32mx/lib/libpic32.a(vector22.o)

.bss            0x00000000        0x0
 .bss           0x00000000        0x0 /home/sylam/.platformio/packages/toolchain-microchippic32/bin/bin/../../lib/gcc/pic32mx/4.8.3/../../../../pic32mx/lib/libpic32.a(vector21.o)

.data           0x00000000        0x0
 .data          0x00000000        0x0 /home/sylam/.platformio/packages/toolchain-microchippic32/bin/bin/../../lib/gcc/pic32mx/4.8.3/../../../../pic32mx/lib/libpic32.a(vector21.o)

.bss            0x00000000        0x0
 .bss           0x00000000        0x0 /home/sylam/.platformio/packages/toolchain-microchippic32/bin/bin/../../lib/gcc/pic32mx/4.8.3/../../../../pic32mx/lib/libpic32.a(vector20.o)

.data           0x00000000        0x0
 .data          0x00000000        0x0 /home/sylam/.platformio/packages/toolchain-microchippic32/bin/bin/../../lib/gcc/pic32mx/4.8.3/../../../../pic32mx/lib/libpic32.a(vector20.o)

.bss            0x00000000        0x0
 .bss           0x00000000        0x0 /home/sylam/.platformio/packages/toolchain-microchippic32/bin/bin/../../lib/gcc/pic32mx/4.8.3/../../../../pic32mx/lib/libpic32.a(vector19.o)

.data           0x00000000        0x0
 .data          0x00000000        0x0 /home/sylam/.platformio/packages/toolchain-microchippic32/bin/bin/../../lib/gcc/pic32mx/4.8.3/../../../../pic32mx/lib/libpic32.a(vector19.o)

.bss            0x00000000        0x0
 .bss           0x00000000        0x0 /home/sylam/.platformio/packages/toolchain-microchippic32/bin/bin/../../lib/gcc/pic32mx/4.8.3/../../../../pic32mx/lib/libpic32.a(vector18.o)

.data           0x00000000        0x0
 .data          0x00000000        0x0 /home/sylam/.platformio/packages/toolchain-microchippic32/bin/bin/../../lib/gcc/pic32mx/4.8.3/../../../../pic32mx/lib/libpic32.a(vector18.o)

.bss            0x00000000        0x0
 .bss           0x00000000        0x0 /home/sylam/.platformio/packages/toolchain-microchippic32/bin/bin/../../lib/gcc/pic32mx/4.8.3/../../../../pic32mx/lib/libpic32.a(vector17.o)

.data           0x00000000        0x0
 .data          0x00000000        0x0 /home/sylam/.platformio/packages/toolchain-microchippic32/bin/bin/../../lib/gcc/pic32mx/4.8.3/../../../../pic32mx/lib/libpic32.a(vector17.o)

.bss            0x00000000        0x0
 .bss           0x00000000        0x0 /home/sylam/.platformio/packages/toolchain-microchippic32/bin/bin/../../lib/gcc/pic32mx/4.8.3/../../../../pic32mx/lib/libpic32.a(vector16.o)

.data           0x00000000        0x0
 .data          0x00000000        0x0 /home/sylam/.platformio/packages/toolchain-microchippic32/bin/bin/../../lib/gcc/pic32mx/4.8.3/../../../../pic32mx/lib/libpic32.a(vector16.o)

.bss            0x00000000        0x0
 .bss           0x00000000        0x0 /home/sylam/.platformio/packages/toolchain-microchippic32/bin/bin/../../lib/gcc/pic32mx/4.8.3/../../../../pic32mx/lib/libpic32.a(vector15.o)

.data           0x00000000        0x0
 .data          0x00000000        0x0 /home/sylam/.platformio/packages/toolchain-microchippic32/bin/bin/../../lib/gcc/pic32mx/4.8.3/../../../../pic32mx/lib/libpic32.a(vector15.o)

.bss            0x00000000        0x0
 .bss           0x00000000        0x0 /home/sylam/.platformio/packages/toolchain-microchippic32/bin/bin/../../lib/gcc/pic32mx/4.8.3/../../../../pic32mx/lib/libpic32.a(vector14.o)

.data           0x00000000        0x0
 .data          0x00000000        0x0 /home/sylam/.platformio/packages/toolchain-microchippic32/bin/bin/../../lib/gcc/pic32mx/4.8.3/../../../../pic32mx/lib/libpic32.a(vector14.o)

.bss            0x00000000        0x0
 .bss           0x00000000        0x0 /home/sylam/.platformio/packages/toolchain-microchippic32/bin/bin/../../lib/gcc/pic32mx/4.8.3/../../../../pic32mx/lib/libpic32.a(vector13.o)

.data           0x00000000        0x0
 .data          0x00000000        0x0 /home/sylam/.platformio/packages/toolchain-microchippic32/bin/bin/../../lib/gcc/pic32mx/4.8.3/../../../../pic32mx/lib/libpic32.a(vector13.o)

.bss            0x00000000        0x0
 .bss           0x00000000        0x0 /home/sylam/.platformio/packages/toolchain-microchippic32/bin/bin/../../lib/gcc/pic32mx/4.8.3/../../../../pic32mx/lib/libpic32.a(vector12.o)

.data           0x00000000        0x0
 .data          0x00000000        0x0 /home/sylam/.platformio/packages/toolchain-microchippic32/bin/bin/../../lib/gcc/pic32mx/4.8.3/../../../../pic32mx/lib/libpic32.a(vector12.o)

.bss            0x00000000        0x0
 .bss           0x00000000        0x0 /home/sylam/.platformio/packages/toolchain-microchippic32/bin/bin/../../lib/gcc/pic32mx/4.8.3/../../../../pic32mx/lib/libpic32.a(vector11.o)

.data           0x00000000        0x0
 .data          0x00000000        0x0 /home/sylam/.platformio/packages/toolchain-microchippic32/bin/bin/../../lib/gcc/pic32mx/4.8.3/../../../../pic32mx/lib/libpic32.a(vector11.o)

.bss            0x00000000        0x0
 .bss           0x00000000        0x0 /home/sylam/.platformio/packages/toolchain-microchippic32/bin/bin/../../lib/gcc/pic32mx/4.8.3/../../../../pic32mx/lib/libpic32.a(vector10.o)

.data           0x00000000        0x0
 .data          0x00000000        0x0 /home/sylam/.platformio/packages/toolchain-microchippic32/bin/bin/../../lib/gcc/pic32mx/4.8.3/../../../../pic32mx/lib/libpic32.a(vector10.o)

.bss            0x00000000        0x0
 .bss           0x00000000        0x0 /home/sylam/.platformio/packages/toolchain-microchippic32/bin/bin/../../lib/gcc/pic32mx/4.8.3/../../../../pic32mx/lib/libpic32.a(vector9.o)

.data           0x00000000        0x0
 .data          0x00000000        0x0 /home/sylam/.platformio/packages/toolchain-microchippic32/bin/bin/../../lib/gcc/pic32mx/4.8.3/../../../../pic32mx/lib/libpic32.a(vector9.o)

.bss            0x00000000        0x0
 .bss           0x00000000        0x0 /home/sylam/.platformio/packages/toolchain-microchippic32/bin/bin/../../lib/gcc/pic32mx/4.8.3/../../../../pic32mx/lib/libpic32.a(vector8.o)

.data           0x00000000        0x0
 .data          0x00000000        0x0 /home/sylam/.platformio/packages/toolchain-microchippic32/bin/bin/../../lib/gcc/pic32mx/4.8.3/../../../../pic32mx/lib/libpic32.a(vector8.o)

.bss            0x00000000        0x0
 .bss           0x00000000        0x0 /home/sylam/.platformio/packages/toolchain-microchippic32/bin/bin/../../lib/gcc/pic32mx/4.8.3/../../../../pic32mx/lib/libpic32.a(vector7.o)

.data           0x00000000        0x0
 .data          0x00000000        0x0 /home/sylam/.platformio/packages/toolchain-microchippic32/bin/bin/../../lib/gcc/pic32mx/4.8.3/../../../../pic32mx/lib/libpic32.a(vector7.o)

.bss            0x00000000        0x0
 .bss           0x00000000        0x0 /home/sylam/.platformio/packages/toolchain-microchippic32/bin/bin/../../lib/gcc/pic32mx/4.8.3/../../../../pic32mx/lib/libpic32.a(vector6.o)

.data           0x00000000        0x0
 .data          0x00000000        0x0 /home/sylam/.platformio/packages/toolchain-microchippic32/bin/bin/../../lib/gcc/pic32mx/4.8.3/../../../../pic32mx/lib/libpic32.a(vector6.o)

.bss            0x00000000        0x0
 .bss           0x00000000        0x0 /home/sylam/.platformio/packages/toolchain-microchippic32/bin/bin/../../lib/gcc/pic32mx/4.8.3/../../../../pic32mx/lib/libpic32.a(vector5.o)

.data           0x00000000        0x0
 .data          0x00000000        0x0 /home/sylam/.platformio/packages/toolchain-microchippic32/bin/bin/../../lib/gcc/pic32mx/4.8.3/../../../../pic32mx/lib/libpic32.a(vector5.o)

.bss            0x00000000        0x0
 .bss           0x00000000        0x0 /home/sylam/.platformio/packages/toolchain-microchippic32/bin/bin/../../lib/gcc/pic32mx/4.8.3/../../../../pic32mx/lib/libpic32.a(vector4.o)

.data           0x00000000        0x0
 .data          0x00000000        0x0 /home/sylam/.platformio/packages/toolchain-microchippic32/bin/bin/../../lib/gcc/pic32mx/4.8.3/../../../../pic32mx/lib/libpic32.a(vector4.o)

.bss            0x00000000        0x0
 .bss           0x00000000        0x0 /home/sylam/.platformio/packages/toolchain-microchippic32/bin/bin/../../lib/gcc/pic32mx/4.8.3/../../../../pic32mx/lib/libpic32.a(vector3.o)

.data           0x00000000        0x0
 .data          0x00000000        0x0 /home/sylam/.platformio/packages/toolchain-microchippic32/bin/bin/../../lib/gcc/pic32mx/4.8.3/../../../../pic32mx/lib/libpic32.a(vector3.o)

.bss            0x00000000        0x0
 .bss           0x00000000        0x0 /home/sylam/.platformio/packages/toolchain-microchippic32/bin/bin/../../lib/gcc/pic32mx/4.8.3/../../../../pic32mx/lib/libpic32.a(vector2.o)

.data           0x00000000        0x0
 .data          0x00000000        0x0 /home/sylam/.platformio/packages/toolchain-microchippic32/bin/bin/../../lib/gcc/pic32mx/4.8.3/../../../../pic32mx/lib/libpic32.a(vector2.o)

.bss            0x00000000        0x0
 .bss           0x00000000        0x0 /home/sylam/.platformio/packages/toolchain-microchippic32/bin/bin/../../lib/gcc/pic32mx/4.8.3/../../../../pic32mx/lib/libpic32.a(vector1.o)

.data           0x00000000        0x0
 .data          0x00000000        0x0 /home/sylam/.platformio/packages/toolchain-microchippic32/bin/bin/../../lib/gcc/pic32mx/4.8.3/../../../../pic32mx/lib/libpic32.a(vector1.o)

.bss            0x00000000        0x0
 .bss           0x00000000        0x0 /home/sylam/.platformio/packages/toolchain-microchippic32/bin/bin/../../lib/gcc/pic32mx/4.8.3/../../../../pic32mx/lib/libpic32.a(general-exception.o)

.data           0x00000000        0x0
 .data          0x00000000        0x0 /home/sylam/.platformio/packages/toolchain-microchippic32/bin/bin/../../lib/gcc/pic32mx/4.8.3/../../../../pic32mx/lib/libpic32.a(general-exception.o)

.bss            0x00000000        0x0
 .bss           0x00000000        0x0 /home/sylam/.platformio/packages/toolchain-microchippic32/bin/bin/../../lib/gcc/pic32mx/4.8.3/../../../../pic32mx/lib/libpic32.a(default-nmi-handler.o)

.data           0x00000000        0x0
 .data          0x00000000        0x0 /home/sylam/.platformio/packages/toolchain-microchippic32/bin/bin/../../lib/gcc/pic32mx/4.8.3/../../../../pic32mx/lib/libpic32.a(default-nmi-handler.o)

.bss            0x00000000        0x0
 .bss           0x00000000        0x0 /home/sylam/.platformio/packages/toolchain-microchippic32/bin/bin/../../lib/gcc/pic32mx/4.8.3/../../../../pic32mx/lib/libpic32.a(default-on-bootstrap.o)

.data           0x00000000        0x0
 .data          0x00000000        0x0 /home/sylam/.platformio/packages/toolchain-microchippic32/bin/bin/../../lib/gcc/pic32mx/4.8.3/../../../../pic32mx/lib/libpic32.a(default-on-bootstrap.o)

.bss            0x00000000        0x0
 .bss           0x00000000        0x0 /home/sylam/.platformio/packages/toolchain-microchippic32/bin/bin/../../lib/gcc/pic32mx/4.8.3/../../../../pic32mx/lib/libpic32.a(default-on-reset.o)

.data           0x00000000        0x0
 .data          0x00000000        0x0 /home/sylam/.platformio/packages/toolchain-microchippic32/bin/bin/../../lib/gcc/pic32mx/4.8.3/../../../../pic32mx/lib/libpic32.a(default-on-reset.o)

.bss            0x00000000        0x0
 .bss           0x00000000        0x0 /home/sylam/.platformio/packages/toolchain-microchippic32/bin/bin/../../lib/gcc/pic32mx/4.8.3/../../../../pic32mx/lib/libpic32.a(default-bootstrap-exception-handler.o)

.data           0x00000000        0x0
 .data          0x00000000        0x0 /home/sylam/.platformio/packages/toolchain-microchippic32/bin/bin/../../lib/gcc/pic32mx/4.8.3/../../../../pic32mx/lib/libpic32.a(default-bootstrap-exception-handler.o)

.bss            0x00000000        0x0
 .bss           0x00000000        0x0 /home/sylam/.platformio/packages/toolchain-microchippic32/bin/bin/../../lib/gcc/pic32mx/4.8.3/../../../../pic32mx/lib/./proc/32MX250F128D/processor.o

.data           0x00000000        0x0
 .data          0x00000000        0x0 /home/sylam/.platformio/packages/toolchain-microchippic32/bin/bin/../../lib/gcc/pic32mx/4.8.3/../../../../pic32mx/lib/./proc/32MX250F128D/processor.o

.bss            0x00000000        0x0
 .bss           0x00000000        0x0 /home/sylam/.platformio/packages/toolchain-microchippic32/bin/bin/../../lib/gcc/pic32mx/4.8.3/../../../../pic32mx/lib/pic32_software_reset.o

.data           0x00000000        0x0
 .data          0x00000000        0x0 /home/sylam/.platformio/packages/toolchain-microchippic32/bin/bin/../../lib/gcc/pic32mx/4.8.3/../../../../pic32mx/lib/pic32_software_reset.o

.bss            0x00000000        0x0
 .bss           0x00000000        0x0 /home/sylam/.platformio/packages/toolchain-microchippic32/bin/bin/../../lib/gcc/pic32mx/4.8.3/../../../../pic32mx/lib/./proc/32MX250F128D/default_isr_vectors.o

.data           0x00000000        0x0
 .data          0x00000000        0x0 /home/sylam/.platformio/packages/toolchain-microchippic32/bin/bin/../../lib/gcc/pic32mx/4.8.3/../../../../pic32mx/lib/./proc/32MX250F128D/default_isr_vectors.o

.data           0x00000000        0x0
 .data          0x00000000        0x0 src/cdcrx.o

.bss            0x00000000        0x0
 .bss           0x00000000        0x0 src/cdctx.o

.data           0x00000000        0x0
 .data          0x00000000        0x0 src/cdctx.o

.bss            0x00000000        0x0
 .bss           0x00000000        0x0 src/main.o

.data           0x00000000        0x0
 .data          0x00000000        0x0 src/main.o

.bss            0x00000000        0x0
 .bss           0x00000000        0x0 src/os.o

.data           0x00000000        0x0
 .data          0x00000000        0x0 src/os.o

.bss            0x00000000        0x0
 .bss           0x00000000        0x0 src/uart.o

.data           0x00000000        0x0
 .data          0x00000000        0x0 src/uart.o

.bss            0x00000000        0x0
 .bss           0x00000000        0x0 src/usb_descriptors.o

.data           0x00000000        0x0
 .data          0x00000000        0x0 src/usb_descriptors.o

.data           0x00000000        0x0
 .data          0x00000000        0x0 src/usb_device.o

.tm_clone_table
                0x00000000        0x0
 .tm_clone_table
                0x00000000        0x0 /home/sylam/.platformio/packages/toolchain-microchippic32/bin/bin/../../lib/gcc/pic32mx/4.8.3/crtbegin.o

.bss            0x00000000        0x0
 .bss           0x00000000        0x0 /home/sylam/.platformio/packages/toolchain-microchippic32/bin/bin/../../lib/gcc/pic32mx/4.8.3/crti.o

.data           0x00000000        0x0
 .data          0x00000000        0x0 /home/sylam/.platformio/packages/toolchain-microchippic32/bin/bin/../../lib/gcc/pic32mx/4.8.3/crti.o

.bss            0x00000000        0x0
 .bss           0x00000000        0x0 /home/sylam/.platformio/packages/toolchain-microchippic32/bin/bin/../../lib/gcc/pic32mx/4.8.3/../../../../pic32mx/lib/./proc/32MX250F128D/cpprt0_mips32r2.o

.data           0x00000000        0x0
 .data          0x00000000        0x0 /home/sylam/.platformio/packages/toolchain-microchippic32/bin/bin/../../lib/gcc/pic32mx/4.8.3/../../../../pic32mx/lib/./proc/32MX250F128D/cpprt0_mips32r2.o

.text           0x9d000050     0x1640
 .text          0x9d000050      0xeb8 src/usb_device.o
                0x9d000b5c                USBDeviceInit()
                0x9d000c40                bd_fill(int, char*, int, int)
                0x9d000ce0                _USB1Interrupt
 .text          0x9d000f08      0x788 src/uart.o
                0x9d001210                stop_selection(int)
                0x9d001290                parity_data_selection(int, int)
                0x9d001390                baud_selection(unsigned int)
                0x9d001424                u1ISR
                0x9d00161c                uart_tx(char*, int)

.text           0x9d001690      0xd50
 .text          0x9d001690      0x700 src/usb_cdc.o
                0x9d001998                CDCtx()
                0x9d001a18                CDCrx(char*, int)
                0x9d001aa8                CDCInitEndpoint(int)
                0x9d001b30                CDC_TRN_Handler(int)
                0x9d001c40                CDCTrfSetupHandler(setup_packet*)
                0x9d001cac                CDCCtrlTrfSetupComplete(setup_packet*)
 .text          0x9d001d90      0x650 src/os.o
                0x9d002098                init()
                0x9d002264                wait(unsigned int)
                0x9d002304                rtcISR
                0x9d0023b4                toggle()

.text           0x9d0023e0      0x3c8
 .text          0x9d0023e0      0x224 /home/sylam/.platformio/packages/toolchain-microchippic32/bin/bin/../../lib/gcc/pic32mx/4.8.3/crtbegin.o
 .text          0x9d002604      0x1a4 src/cdcrx.o
                0x9d002604                CDCrx_reset()
                0x9d002658                in_buffer_handler(int)
                0x9d002724                uart_rx(char)

.text           0x9d0027a8      0x118
 .text          0x9d0027a8      0x118 src/cdctx.o
                0x9d0027a8                out_buffer_handler(char*, int)
                0x9d00283c                uart_tx_done()

.dinit          0x9d0028c0      0x100
 .dinit         0x9d0028c0      0x100 data_init

.text.general_exception
                0x9d0029c0       0xdc
 .text.general_exception
                0x9d0029c0       0xdc /home/sylam/.platformio/packages/toolchain-microchippic32/bin/bin/../../lib/gcc/pic32mx/4.8.3/../../../../pic32mx/lib/libpic32.a(general-exception.o)
                0x9d0029c0                _general_exception_context

.text           0x9d002a9c       0xd8
 .text          0x9d002a9c       0xd8 src/usb_descriptors.o
                0x9d002a9c                get_std_descriptor(short)

.rodata         0x9d002b74       0xc0
 .rodata        0x9d002b74       0xc0 src/usb_descriptors.o

.text           0x9d002c34       0x9c
 .text          0x9d002c34       0x9c src/main.o
                0x9d002c34                main
                0x9d002c84                poll(unsigned int)

.text.main_entry
                0x9d002cd0       0x54
 .text.main_entry
                0x9d002cd0       0x54 /home/sylam/.platformio/packages/toolchain-microchippic32/bin/bin/../../lib/gcc/pic32mx/4.8.3/../../../../pic32mx/lib/./proc/32MX250F128D/cpprt0_mips32r2.o
                0x9d002d04                __crt0_exit

.text._bootstrap_exception_handler
                0x9d002d24       0x48
 .text._bootstrap_exception_handler
                0x9d002d24       0x48 /home/sylam/.platformio/packages/toolchain-microchippic32/bin/bin/../../lib/gcc/pic32mx/4.8.3/../../../../pic32mx/lib/libpic32.a(default-bootstrap-exception-handler.o)
                0x9d002d24                _bootstrap_exception_handler

.text._general_exception_handler
                0x9d002d6c       0x48
 .text._general_exception_handler
                0x9d002d6c       0x48 /home/sylam/.platformio/packages/toolchain-microchippic32/bin/bin/../../lib/gcc/pic32mx/4.8.3/../../../../pic32mx/lib/libpic32.a(default-general-exception-handler.o)
                0x9d002d6c                _general_exception_handler

.vector_default
                0x9d002db4       0x48
 .vector_default
                0x9d002db4       0x48 /home/sylam/.platformio/packages/toolchain-microchippic32/bin/bin/../../lib/gcc/pic32mx/4.8.3/../../../../pic32mx/lib/libpic32.a(defaultinterrupt.o)
                0x9d002db4                _DefaultInterrupt

.text           0x9d002dfc       0x8c
 .text          0x9d002dfc       0x48 /home/sylam/.platformio/packages/toolchain-microchippic32/bin/bin/../../lib/gcc/pic32mx/4.8.3/crtend.o
 .text          0x9d002e44       0x44 /home/sylam/.platformio/packages/toolchain-microchippic32/bin/bin/../../lib/gcc/pic32mx/4.8.3/../../../../pic32mx/lib/pic32_software_reset.o
                0x9d002e44                __pic32_software_reset

.text           0x9d002e88       0x18
 .text          0x9d002e88       0x18 /home/sylam/.platformio/packages/toolchain-microchippic32/bin/bin/../../lib/gcc/pic32mx/4.8.3/../../../../pic32mx/lib/libpic32.a(default-nmi-handler.o)
                0x9d002e88                _nmi_handler

.text._on_reset
                0x9d002ea0        0x8
 .text._on_reset
                0x9d002ea0        0x8 /home/sylam/.platformio/packages/toolchain-microchippic32/bin/bin/../../lib/gcc/pic32mx/4.8.3/../../../../pic32mx/lib/libpic32.a(default-on-reset.o)
                0x9d002ea0                _on_reset

.text._on_bootstrap
                0x9d002ea8        0x8
 .text._on_bootstrap
                0x9d002ea8        0x8 /home/sylam/.platformio/packages/toolchain-microchippic32/bin/bin/../../lib/gcc/pic32mx/4.8.3/../../../../pic32mx/lib/libpic32.a(default-on-bootstrap.o)
                0x9d002ea8                _on_bootstrap

.text           0x00000000        0x0
 .text          0x00000000        0x0 /home/sylam/.platformio/packages/toolchain-microchippic32/bin/bin/../../lib/gcc/pic32mx/4.8.3/crtn.o

.text           0x00000000        0x0
 .text          0x00000000        0x0 /home/sylam/.platformio/packages/toolchain-microchippic32/bin/bin/../../lib/gcc/pic32mx/4.8.3/../../../../pic32mx/lib/libpic32.a(defaultinterrupt.o)

.text           0x00000000        0x0
 .text          0x00000000        0x0 /home/sylam/.platformio/packages/toolchain-microchippic32/bin/bin/../../lib/gcc/pic32mx/4.8.3/../../../../pic32mx/lib/libpic32.a(default-general-exception-handler.o)

.text           0x00000000        0x0
 .text          0x00000000        0x0 /home/sylam/.platformio/packages/toolchain-microchippic32/bin/bin/../../lib/gcc/pic32mx/4.8.3/../../../../pic32mx/lib/libpic32.a(vector43.o)

.text           0x00000000        0x0
 .text          0x00000000        0x0 /home/sylam/.platformio/packages/toolchain-microchippic32/bin/bin/../../lib/gcc/pic32mx/4.8.3/../../../../pic32mx/lib/libpic32.a(vector42.o)

.text           0x00000000        0x0
 .text          0x00000000        0x0 /home/sylam/.platformio/packages/toolchain-microchippic32/bin/bin/../../lib/gcc/pic32mx/4.8.3/../../../../pic32mx/lib/libpic32.a(vector41.o)

.text           0x00000000        0x0
 .text          0x00000000        0x0 /home/sylam/.platformio/packages/toolchain-microchippic32/bin/bin/../../lib/gcc/pic32mx/4.8.3/../../../../pic32mx/lib/libpic32.a(vector40.o)

.text           0x00000000        0x0
 .text          0x00000000        0x0 /home/sylam/.platformio/packages/toolchain-microchippic32/bin/bin/../../lib/gcc/pic32mx/4.8.3/../../../../pic32mx/lib/libpic32.a(vector39.o)

.text           0x00000000        0x0
 .text          0x00000000        0x0 /home/sylam/.platformio/packages/toolchain-microchippic32/bin/bin/../../lib/gcc/pic32mx/4.8.3/../../../../pic32mx/lib/libpic32.a(vector38.o)

.text           0x00000000        0x0
 .text          0x00000000        0x0 /home/sylam/.platformio/packages/toolchain-microchippic32/bin/bin/../../lib/gcc/pic32mx/4.8.3/../../../../pic32mx/lib/libpic32.a(vector37.o)

.text           0x00000000        0x0
 .text          0x00000000        0x0 /home/sylam/.platformio/packages/toolchain-microchippic32/bin/bin/../../lib/gcc/pic32mx/4.8.3/../../../../pic32mx/lib/libpic32.a(vector36.o)

.text           0x00000000        0x0
 .text          0x00000000        0x0 /home/sylam/.platformio/packages/toolchain-microchippic32/bin/bin/../../lib/gcc/pic32mx/4.8.3/../../../../pic32mx/lib/libpic32.a(vector35.o)

.text           0x00000000        0x0
 .text          0x00000000        0x0 /home/sylam/.platformio/packages/toolchain-microchippic32/bin/bin/../../lib/gcc/pic32mx/4.8.3/../../../../pic32mx/lib/libpic32.a(vector34.o)

.text           0x00000000        0x0
 .text          0x00000000        0x0 /home/sylam/.platformio/packages/toolchain-microchippic32/bin/bin/../../lib/gcc/pic32mx/4.8.3/../../../../pic32mx/lib/libpic32.a(vector33.o)

.text           0x00000000        0x0
 .text          0x00000000        0x0 /home/sylam/.platformio/packages/toolchain-microchippic32/bin/bin/../../lib/gcc/pic32mx/4.8.3/../../../../pic32mx/lib/libpic32.a(vector31.o)

.text           0x00000000        0x0
 .text          0x00000000        0x0 /home/sylam/.platformio/packages/toolchain-microchippic32/bin/bin/../../lib/gcc/pic32mx/4.8.3/../../../../pic32mx/lib/libpic32.a(vector29.o)

.text           0x00000000        0x0
 .text          0x00000000        0x0 /home/sylam/.platformio/packages/toolchain-microchippic32/bin/bin/../../lib/gcc/pic32mx/4.8.3/../../../../pic32mx/lib/libpic32.a(vector28.o)

.text           0x00000000        0x0
 .text          0x00000000        0x0 /home/sylam/.platformio/packages/toolchain-microchippic32/bin/bin/../../lib/gcc/pic32mx/4.8.3/../../../../pic32mx/lib/libpic32.a(vector27.o)

.text           0x00000000        0x0
 .text          0x00000000        0x0 /home/sylam/.platformio/packages/toolchain-microchippic32/bin/bin/../../lib/gcc/pic32mx/4.8.3/../../../../pic32mx/lib/libpic32.a(vector26.o)

.text           0x00000000        0x0
 .text          0x00000000        0x0 /home/sylam/.platformio/packages/toolchain-microchippic32/bin/bin/../../lib/gcc/pic32mx/4.8.3/../../../../pic32mx/lib/libpic32.a(vector25.o)

.text           0x00000000        0x0
 .text          0x00000000        0x0 /home/sylam/.platformio/packages/toolchain-microchippic32/bin/bin/../../lib/gcc/pic32mx/4.8.3/../../../../pic32mx/lib/libpic32.a(vector24.o)

.text           0x00000000        0x0
 .text          0x00000000        0x0 /home/sylam/.platformio/packages/toolchain-microchippic32/bin/bin/../../lib/gcc/pic32mx/4.8.3/../../../../pic32mx/lib/libpic32.a(vector23.o)

.text           0x00000000        0x0
 .text          0x00000000        0x0 /home/sylam/.platformio/packages/toolchain-microchippic32/bin/bin/../../lib/gcc/pic32mx/4.8.3/../../../../pic32mx/lib/libpic32.a(vector22.o)

.text           0x00000000        0x0
 .text          0x00000000        0x0 /home/sylam/.platformio/packages/toolchain-microchippic32/bin/bin/../../lib/gcc/pic32mx/4.8.3/../../../../pic32mx/lib/libpic32.a(vector21.o)

.text           0x00000000        0x0
 .text          0x00000000        0x0 /home/sylam/.platformio/packages/toolchain-microchippic32/bin/bin/../../lib/gcc/pic32mx/4.8.3/../../../../pic32mx/lib/libpic32.a(vector20.o)

.text           0x00000000        0x0
 .text          0x00000000        0x0 /home/sylam/.platformio/packages/toolchain-microchippic32/bin/bin/../../lib/gcc/pic32mx/4.8.3/../../../../pic32mx/lib/libpic32.a(vector19.o)

.text           0x00000000        0x0
 .text          0x00000000        0x0 /home/sylam/.platformio/packages/toolchain-microchippic32/bin/bin/../../lib/gcc/pic32mx/4.8.3/../../../../pic32mx/lib/libpic32.a(vector18.o)

.text           0x00000000        0x0
 .text          0x00000000        0x0 /home/sylam/.platformio/packages/toolchain-microchippic32/bin/bin/../../lib/gcc/pic32mx/4.8.3/../../../../pic32mx/lib/libpic32.a(vector17.o)

.text           0x00000000        0x0
 .text          0x00000000        0x0 /home/sylam/.platformio/packages/toolchain-microchippic32/bin/bin/../../lib/gcc/pic32mx/4.8.3/../../../../pic32mx/lib/libpic32.a(vector16.o)

.text           0x00000000        0x0
 .text          0x00000000        0x0 /home/sylam/.platformio/packages/toolchain-microchippic32/bin/bin/../../lib/gcc/pic32mx/4.8.3/../../../../pic32mx/lib/libpic32.a(vector15.o)

.text           0x00000000        0x0
 .text          0x00000000        0x0 /home/sylam/.platformio/packages/toolchain-microchippic32/bin/bin/../../lib/gcc/pic32mx/4.8.3/../../../../pic32mx/lib/libpic32.a(vector14.o)

.text           0x00000000        0x0
 .text          0x00000000        0x0 /home/sylam/.platformio/packages/toolchain-microchippic32/bin/bin/../../lib/gcc/pic32mx/4.8.3/../../../../pic32mx/lib/libpic32.a(vector13.o)

.text           0x00000000        0x0
 .text          0x00000000        0x0 /home/sylam/.platformio/packages/toolchain-microchippic32/bin/bin/../../lib/gcc/pic32mx/4.8.3/../../../../pic32mx/lib/libpic32.a(vector12.o)

.text           0x00000000        0x0
 .text          0x00000000        0x0 /home/sylam/.platformio/packages/toolchain-microchippic32/bin/bin/../../lib/gcc/pic32mx/4.8.3/../../../../pic32mx/lib/libpic32.a(vector11.o)

.text           0x00000000        0x0
 .text          0x00000000        0x0 /home/sylam/.platformio/packages/toolchain-microchippic32/bin/bin/../../lib/gcc/pic32mx/4.8.3/../../../../pic32mx/lib/libpic32.a(vector10.o)

.text           0x00000000        0x0
 .text          0x00000000        0x0 /home/sylam/.platformio/packages/toolchain-microchippic32/bin/bin/../../lib/gcc/pic32mx/4.8.3/../../../../pic32mx/lib/libpic32.a(vector9.o)

.text           0x00000000        0x0
 .text          0x00000000        0x0 /home/sylam/.platformio/packages/toolchain-microchippic32/bin/bin/../../lib/gcc/pic32mx/4.8.3/../../../../pic32mx/lib/libpic32.a(vector8.o)

.text           0x00000000        0x0
 .text          0x00000000        0x0 /home/sylam/.platformio/packages/toolchain-microchippic32/bin/bin/../../lib/gcc/pic32mx/4.8.3/../../../../pic32mx/lib/libpic32.a(vector7.o)

.text           0x00000000        0x0
 .text          0x00000000        0x0 /home/sylam/.platformio/packages/toolchain-microchippic32/bin/bin/../../lib/gcc/pic32mx/4.8.3/../../../../pic32mx/lib/libpic32.a(vector6.o)

.text           0x00000000        0x0
 .text          0x00000000        0x0 /home/sylam/.platformio/packages/toolchain-microchippic32/bin/bin/../../lib/gcc/pic32mx/4.8.3/../../../../pic32mx/lib/libpic32.a(vector5.o)

.text           0x00000000        0x0
 .text          0x00000000        0x0 /home/sylam/.platformio/packages/toolchain-microchippic32/bin/bin/../../lib/gcc/pic32mx/4.8.3/../../../../pic32mx/lib/libpic32.a(vector4.o)

.text           0x00000000        0x0
 .text          0x00000000        0x0 /home/sylam/.platformio/packages/toolchain-microchippic32/bin/bin/../../lib/gcc/pic32mx/4.8.3/../../../../pic32mx/lib/libpic32.a(vector3.o)

.text           0x00000000        0x0
 .text          0x00000000        0x0 /home/sylam/.platformio/packages/toolchain-microchippic32/bin/bin/../../lib/gcc/pic32mx/4.8.3/../../../../pic32mx/lib/libpic32.a(vector2.o)

.text           0x00000000        0x0
 .text          0x00000000        0x0 /home/sylam/.platformio/packages/toolchain-microchippic32/bin/bin/../../lib/gcc/pic32mx/4.8.3/../../../../pic32mx/lib/libpic32.a(vector1.o)

.text           0x00000000        0x0
 .text          0x00000000        0x0 /home/sylam/.platformio/packages/toolchain-microchippic32/bin/bin/../../lib/gcc/pic32mx/4.8.3/../../../../pic32mx/lib/libpic32.a(general-exception.o)

.text           0x00000000        0x0
 .text          0x00000000        0x0 /home/sylam/.platformio/packages/toolchain-microchippic32/bin/bin/../../lib/gcc/pic32mx/4.8.3/../../../../pic32mx/lib/libpic32.a(default-on-bootstrap.o)

.text           0x00000000        0x0
 .text          0x00000000        0x0 /home/sylam/.platformio/packages/toolchain-microchippic32/bin/bin/../../lib/gcc/pic32mx/4.8.3/../../../../pic32mx/lib/libpic32.a(default-on-reset.o)

.text           0x00000000        0x0
 .text          0x00000000        0x0 /home/sylam/.platformio/packages/toolchain-microchippic32/bin/bin/../../lib/gcc/pic32mx/4.8.3/../../../../pic32mx/lib/libpic32.a(default-bootstrap-exception-handler.o)

.text           0x00000000        0x0
 .text          0x00000000        0x0 /home/sylam/.platformio/packages/toolchain-microchippic32/bin/bin/../../lib/gcc/pic32mx/4.8.3/../../../../pic32mx/lib/./proc/32MX250F128D/processor.o

.text           0x00000000        0x0
 .text          0x00000000        0x0 /home/sylam/.platformio/packages/toolchain-microchippic32/bin/bin/../../lib/gcc/pic32mx/4.8.3/../../../../pic32mx/lib/./proc/32MX250F128D/default_isr_vectors.o

.text           0x00000000        0x0
 .text          0x00000000        0x0 /home/sylam/.platformio/packages/toolchain-microchippic32/bin/bin/../../lib/gcc/pic32mx/4.8.3/crti.o

.text           0x00000000        0x0
 .text          0x00000000        0x0 /home/sylam/.platformio/packages/toolchain-microchippic32/bin/bin/../../lib/gcc/pic32mx/4.8.3/../../../../pic32mx/lib/./proc/32MX250F128D/cpprt0_mips32r2.o
